Archive member included to satisfy reference by file (symbol)

/home/dev/nb1001sdk/nbsdk_tmp_014/libs/lib_cv.a(cv_plan.o)
                              /home/dev/nb1001sdk/nbsdk_tmp_014/examples/hcg_face/build/test.o (plan_scaler_split_policy)
/home/dev/nb1001sdk/nbsdk_tmp_014/libs/lib_cv.a(cv_framework.o)
                              /home/dev/nb1001sdk/nbsdk_tmp_014/examples/hcg_face/build/test.o (cv_detect_set_feature)
/home/dev/nb1001sdk/nbsdk_tmp_014/libs/lib_cv.a(framework_detect.o)
                              /home/dev/nb1001sdk/nbsdk_tmp_014/libs/lib_cv.a(cv_framework.o) (DetectActionCallback)
/home/dev/nb1001sdk/nbsdk_tmp_014/libs/lib_cv.a(framework_motion.o)
                              /home/dev/nb1001sdk/nbsdk_tmp_014/libs/lib_cv.a(cv_framework.o) (MotionActionCallback)
/home/dev/nb1001sdk/nbsdk_tmp_014/libs/lib_cv.a(framework_frame.o)
                              /home/dev/nb1001sdk/nbsdk_tmp_014/libs/lib_cv.a(cv_framework.o) (FrameActionCallback)
/home/dev/nb1001sdk/nbsdk_tmp_014/libs/lib_cv.a(cv_norm.o)
                              /home/dev/nb1001sdk/nbsdk_tmp_014/examples/hcg_face/build/test.o (cv_Normalize1D_fixed)
/home/dev/nb1001sdk/nbsdk_tmp_014/libs/lib_cv.a(cv_classify.o)
                              /home/dev/nb1001sdk/nbsdk_tmp_014/examples/hcg_face/build/test.o (cv_detect_score)
/home/dev/nb1001sdk/nbsdk_tmp_014/libs/lib_zeus.a(queue.o)
                              /home/dev/nb1001sdk/nbsdk_tmp_014/libs/lib_cv.a(cv_framework.o) (xQueueGenericSend)
/home/dev/nb1001sdk/nbsdk_tmp_014/libs/lib_zeus.a(tasks.o)
                              /home/dev/nb1001sdk/nbsdk_tmp_014/libs/lib_zeus.a(queue.o) (vTaskSuspendAll)
/home/dev/nb1001sdk/nbsdk_tmp_014/libs/lib_zeus.a(timers.o)
                              /home/dev/nb1001sdk/nbsdk_tmp_014/libs/lib_zeus.a(tasks.o) (xTimerCreateTimerTask)
/home/dev/nb1001sdk/nbsdk_tmp_014/libs/lib_zeus.a(heap_5.o)
                              /home/dev/nb1001sdk/nbsdk_tmp_014/libs/lib_zeus.a(queue.o) (pvPortMalloc)
/home/dev/nb1001sdk/nbsdk_tmp_014/libs/lib_zeus.a(port.o)
                              /home/dev/nb1001sdk/nbsdk_tmp_014/libs/lib_zeus.a(tasks.o) (pxPortInitialiseStack)
/home/dev/nb1001sdk/nbsdk_tmp_014/libs/lib_zeus.a(system_zeus.o)
                              /home/dev/nb1001sdk/nbsdk_tmp_014/examples/hcg_face/build/test.o (system_config_share)
/home/dev/nb1001sdk/nbsdk_tmp_014/libs/lib_zeus.a(time.o)
                              /home/dev/nb1001sdk/nbsdk_tmp_014/libs/lib_zeus.a(system_zeus.o) (perf_timer_init)
/home/dev/nb1001sdk/nbsdk_tmp_014/libs/lib_zeus.a(led.o)
                              /home/dev/nb1001sdk/nbsdk_tmp_014/build//home/dev/nb1001sdk/nbsdk_tmp_014/applications/common/board_EVALBOARD.o (led_add_conf)
/home/dev/nb1001sdk/nbsdk_tmp_014/libs/lib_zeus.a(debug_utils.o)
                              /home/dev/nb1001sdk/nbsdk_tmp_014/libs/lib_zeus.a(system_zeus.o) (debug_event_init)
/home/dev/nb1001sdk/nbsdk_tmp_014/libs/lib_zeus.a(debug_bridge.o)
                              /home/dev/nb1001sdk/nbsdk_tmp_014/libs/lib_zeus.a(debug_utils.o) (hal_bridge_connect)
/home/dev/nb1001sdk/nbsdk_tmp_014/libs/lib_zeus.a(pack_parser.o)
                              /home/dev/nb1001sdk/nbsdk_tmp_014/libs/lib_zeus.a(system_zeus.o) (pack_init)
/home/dev/nb1001sdk/nbsdk_tmp_014/libs/lib_zeus.a(audio_api.o)
                              /home/dev/nb1001sdk/nbsdk_tmp_014/examples/hcg_face/build/test.o (audio_play_fid_pending)
/home/dev/nb1001sdk/nbsdk_tmp_014/libs/lib_zeus.a(audio_codec.o)
                              /home/dev/nb1001sdk/nbsdk_tmp_014/build//home/dev/nb1001sdk/nbsdk_tmp_014/applications/common/audio_codec_adau1761.o (codec_conf)
/home/dev/nb1001sdk/nbsdk_tmp_014/libs/lib_zeus.a(sensor.o)
                              /home/dev/nb1001sdk/nbsdk_tmp_014/libs/lib_cv.a(framework_frame.o) (get_global_area)
/home/dev/nb1001sdk/nbsdk_tmp_014/libs/lib_zeus.a(sensor_internal.o)
                              /home/dev/nb1001sdk/nbsdk_tmp_014/build//home/dev/nb1001sdk/nbsdk_tmp_014/applications/common/board_EVALBOARD.o (internal_sensor_init)
/home/dev/nb1001sdk/nbsdk_tmp_014/libs/lib_zeus.a(bsp.o)
                              /home/dev/nb1001sdk/nbsdk_tmp_014/build//home/dev/nb1001sdk/nbsdk_tmp_014/applications/common/board_EVALBOARD.o (bsp_init_core)
/home/dev/nb1001sdk/nbsdk_tmp_014/libs/lib_zeus.a(gpio_key.o)
                              /home/dev/nb1001sdk/nbsdk_tmp_014/build//home/dev/nb1001sdk/nbsdk_tmp_014/applications/common/board_EVALBOARD.o (gpio_key_enable)
/home/dev/nb1001sdk/nbsdk_tmp_014/libs/lib_zeus.a(uart.o)
                              /home/dev/nb1001sdk/nbsdk_tmp_014/libs/lib_zeus.a(debug_utils.o) (uart_putc)
/home/dev/nb1001sdk/nbsdk_tmp_014/libs/lib_zeus.a(timer.o)
                              /home/dev/nb1001sdk/nbsdk_tmp_014/libs/lib_zeus.a(system_zeus.o) (timer_start)
/home/dev/nb1001sdk/nbsdk_tmp_014/libs/lib_zeus.a(interrupt.o)
[...]
Memory Configuration

Name             Origin             Length             Attributes
sram             0x0000000020000000 0x0000000000048000
*default*        0x0000000000000000 0xffffffffffffffff

Linker script and memory map

LOAD /home/dev/nb1001sdk/nbsdk_tmp_014/examples/hcg_face/build/test.o
LOAD /home/dev/nb1001sdk/nbsdk_tmp_014/build//home/dev/nb1001sdk/nbsdk_tmp_014/applications/common/audio_codec_adau1761.o
LOAD /home/dev/nb1001sdk/nbsdk_tmp_014/build//home/dev/nb1001sdk/nbsdk_tmp_014/applications/common/flash_info.o
LOAD /home/dev/nb1001sdk/nbsdk_tmp_014/build//home/dev/nb1001sdk/nbsdk_tmp_014/applications/common/board_EVALBOARD.o
LOAD /home/dev/nb1001sdk/nbsdk_tmp_014/libs/lib_dsp.a
LOAD /home/dev/nb1001sdk/nbsdk_tmp_014/libs/lib_qr.a
LOAD /home/dev/nb1001sdk/nbsdk_tmp_014/libs/lib_kws.a
LOAD /home/dev/nb1001sdk/nbsdk_tmp_014/libs/lib_nn.a
LOAD /home/dev/nb1001sdk/nbsdk_tmp_014/libs/lib_audio.a
LOAD /home/dev/nb1001sdk/nbsdk_tmp_014/libs/lib_cv.a
LOAD /home/dev/nb1001sdk/nbsdk_tmp_014/libs/lib_zeus.a
LOAD /home/dev/nb1001sdk/nbsdk_tmp_014/libs/lib_mp3dec.a
LOAD /home/dev/nb1001sdk/nbsdk_tmp_014/libs/lib_dsp.a
LOAD /home/dev/nb1001sdk/nbsdk_tmp_014/libs/lib_clib.a
LOAD /home/dev/nb1001sdk/toolchains/riscv-toolchain/bin/../lib/gcc/riscv32-unknown-elf/7.1.1/../../../../riscv32-unknown-elf/lib/libm.a
LOAD /home/dev/nb1001sdk/toolchains/riscv-toolchain/bin/../lib/gcc/riscv32-unknown-elf/7.1.1/libgcc.a
LOAD /home/dev/nb1001sdk/toolchains/riscv-toolchain/bin/../lib/gcc/riscv32-unknown-elf/7.1.1/../../../../riscv32-unknown-elf/lib/libc.a

.vectors        0x0000000020000000       0x94
                0x0000000020000000                . = ALIGN (0x4)
                0x0000000020000000                __irq_vector_base__ = .
 *(.vectors)
 .vectors       0x0000000020000000       0x94 /home/dev/nb1001sdk/nbsdk_tmp_014/libs/lib_zeus.a(boot.o)
                0x0000000020000034                _systick_handler
                0x0000000020000080                _reset_handler
                0x0000000020000090                __rt_debug_struct_ptr

.text           0x0000000020000098     0xf198
                0x0000000020000098                . = ALIGN (0x4)
                0x0000000020000098                __code_start__ = .
 *(.text)
 .text          0x0000000020000098       0xdc /home/dev/nb1001sdk/nbsdk_tmp_014/libs/lib_zeus.a(time.o)
                0x0000000020000098                __handler_wrapper_timer3_int_handler
 .text          0x0000000020000174       0xdc /home/dev/nb1001sdk/nbsdk_tmp_014/libs/lib_zeus.a(dmac.o)
                0x0000000020000174                __handler_wrapper_dmac_int_handler
 .text          0x0000000020000250       0xdc /home/dev/nb1001sdk/nbsdk_tmp_014/libs/lib_zeus.a(i2c.o)
                0x0000000020000250                __handler_wrapper_i2c_int_handler
 .text          0x000000002000032c       0xdc /home/dev/nb1001sdk/nbsdk_tmp_014/libs/lib_zeus.a(gpio.o)
                0x000000002000032c                __handler_wrapper_gpio_int_handler
 .text          0x0000000020000408       0xdc /home/dev/nb1001sdk/nbsdk_tmp_014/libs/lib_zeus.a(isp_scaler.o)
                0x0000000020000408                __handler_wrapper_scaler_int_handler
 .text          0x00000000200004e4       0xdc /home/dev/nb1001sdk/nbsdk_tmp_014/libs/lib_zeus.a(isp_md.o)
                0x00000000200004e4                __handler_wrapper_md_int_handler
 .text          0x00000000200005c0       0xdc /home/dev/nb1001sdk/nbsdk_tmp_014/libs/lib_zeus.a(isp_fe.o)
                0x00000000200005c0                __handler_wrapper_fe_int_handler
 .text          0x000000002000069c       0xc6 /home/dev/nb1001sdk/nbsdk_tmp_014/libs/lib_zeus.a(boot.o)
                0x000000002000069c                reset_handler
                0x0000000020000736                ill_ins_handler
                0x0000000020000756                default_handler
                0x000000002000075a                ecall_handler
 .text          0x0000000020000762      0x1d6 /home/dev/nb1001sdk/nbsdk_tmp_014/libs/lib_zeus.a(portasm.o)
                0x0000000020000762                systick_handler
                0x000000002000081a                xPortStartScheduler
                0x0000000020000880                vPortYield
 .text          0x0000000020000938      0x35e /home/dev/nb1001sdk/toolchains/riscv-toolchain/bin/../lib/gcc/riscv32-unknown-elf/7.1.1/libgcc.a(_udivdi3.o)
                0x0000000020000938                __udivdi3
 .text          0x0000000020000c96      0x354 /home/dev/nb1001sdk/toolchains/riscv-toolchain/bin/../lib/gcc/riscv32-unknown-elf/7.1.1/libgcc.a(_umoddi3.o)
                0x0000000020000c96                __umoddi3
 .text          0x0000000020000fea      0x52e /home/dev/nb1001sdk/toolchains/riscv-toolchain/bin/../lib/gcc/riscv32-unknown-elf/7.1.1/libgcc.a(divdf3.o)
                0x0000000020000fea                __divdf3
 .text          0x0000000020001518       0xb2 /home/dev/nb1001sdk/toolchains/riscv-toolchain/bin/../lib/gcc/riscv32-unknown-elf/7.1.1/libgcc.a(ledf2.o)
                0x0000000020001518                __ltdf2
                0x0000000020001518                __ledf2
 .text          0x00000000200015ca      0x45e /home/dev/nb1001sdk/toolchains/riscv-toolchain/bin/../lib/gcc/riscv32-unknown-elf/7.1.1/libgcc.a(muldf3.o)
                0x00000000200015ca                __muldf3
 .text          0x0000000020001a28      0x64c /home/dev/nb1001sdk/toolchains/riscv-toolchain/bin/../lib/gcc/riscv32-unknown-elf/7.1.1/libgcc.a(subdf3.o)
                0x0000000020001a28                __subdf3
 .text          0x0000000020002074       0x64 /home/dev/nb1001sdk/toolchains/riscv-toolchain/bin/../lib/gcc/riscv32-unknown-elf/7.1.1/libgcc.a(fixdfsi.o)
                0x0000000020002074                __fixdfsi
 .text          0x00000000200020d8       0x82 /home/dev/nb1001sdk/toolchains/riscv-toolchain/bin/../lib/gcc/riscv32-unknown-elf/7.1.1/libgcc.a(floatsidf.o)
                0x00000000200020d8                __floatsidf
 .text          0x000000002000215a       0xa4 /home/dev/nb1001sdk/toolchains/riscv-toolchain/bin/../lib/gcc/riscv32-unknown-elf/7.1.1/libgcc.a(fixdfdi.o)
                0x000000002000215a                __fixdfdi
 .text          0x00000000200021fe      0x194 /home/dev/nb1001sdk/toolchains/riscv-toolchain/bin/../lib/gcc/riscv32-unknown-elf/7.1.1/libgcc.a(floatdidf.o)
                0x00000000200021fe                __floatdidf
 .text          0x0000000020002392      0x23a /home/dev/nb1001sdk/toolchains/riscv-toolchain/bin/../lib/gcc/riscv32-unknown-elf/7.1.1/libgcc.a(mulsf3.o)
                0x0000000020002392                __mulsf3
 .text          0x00000000200025cc      0x354 /home/dev/nb1001sdk/toolchains/riscv-toolchain/bin/../lib/gcc/riscv32-unknown-elf/7.1.1/libgcc.a(subsf3.o)
                0x00000000200025cc                __subsf3
 .text          0x0000000020002920       0x60 /home/dev/nb1001sdk/toolchains/riscv-toolchain/bin/../lib/gcc/riscv32-unknown-elf/7.1.1/libgcc.a(fixsfsi.o)
                0x0000000020002920                __fixsfsi
 .text          0x0000000020002980       0xd2 /home/dev/nb1001sdk/toolchains/riscv-toolchain/bin/../lib/gcc/riscv32-unknown-elf/7.1.1/libgcc.a(floatsisf.o)
                0x0000000020002980                __floatsisf
 .text          0x0000000020002a52       0x2a /home/dev/nb1001sdk/toolchains/riscv-toolchain/bin/../lib/gcc/riscv32-unknown-elf/7.1.1/libgcc.a(_lshrdi3.o)
                0x0000000020002a52                __lshrdi3
 .text          0x0000000020002a7c       0x2a /home/dev/nb1001sdk/toolchains/riscv-toolchain/bin/../lib/gcc/riscv32-unknown-elf/7.1.1/libgcc.a(_ashldi3.o)
                0x0000000020002a7c                __ashldi3
 .text          0x0000000020002aa6       0x3c /home/dev/nb1001sdk/toolchains/riscv-toolchain/bin/../lib/gcc/riscv32-unknown-elf/7.1.1/libgcc.a(_clzsi2.o)
                0x0000000020002aa6                __clzsi2
 .text          0x0000000020002ae2       0x22 /home/dev/nb1001sdk/toolchains/riscv-toolchain/bin/../lib/gcc/riscv32-unknown-elf/7.1.1/../../../../riscv32-unknown-elf/lib/libc.a(lib_a-memcmp.o)
                0x0000000020002ae2                memcmp
 .text          0x0000000020002b04       0xbe /home/dev/nb1001sdk/toolchains/riscv-toolchain/bin/../lib/gcc/riscv32-unknown-elf/7.1.1/../../../../riscv32-unknown-elf/lib/libc.a(lib_a-memcpy.o)
                0x0000000020002b04                memcpy
 .text          0x0000000020002bc2       0xa8 /home/dev/nb1001sdk/toolchains/riscv-toolchain/bin/../lib/gcc/riscv32-unknown-elf/7.1.1/../../../../riscv32-unknown-elf/lib/libc.a(lib_a-memset.o)
                0x0000000020002bc2                memset
 .text          0x0000000020002c6a       0x64 /home/dev/nb1001sdk/toolchains/riscv-toolchain/bin/../lib/gcc/riscv32-unknown-elf/7.1.1/../../../../riscv32-unknown-elf/lib/libc.a(lib_a-rand.o)
                0x0000000020002c6a                srand
                0x0000000020002c7c                rand
 .text          0x0000000020002cce       0x18 /home/dev/nb1001sdk/toolchains/riscv-toolchain/bin/../lib/gcc/riscv32-unknown-elf/7.1.1/../../../../riscv32-unknown-elf/lib/libc.a(lib_a-strnlen.o)
                0x0000000020002cce                strnlen
 *(.text.*)
 .text.set_pwm  0x0000000020002ce6       0x24 /home/dev/nb1001sdk/nbsdk_tmp_014/examples/hcg_face/build/test.o
 .text.board_init_user
                0x0000000020002d0a       0x1a /home/dev/nb1001sdk/nbsdk_tmp_014/examples/hcg_face/build/test.o
                0x0000000020002d0a                board_init_user
 .text.DetectUserAction
                0x0000000020002d24        0xc /home/dev/nb1001sdk/nbsdk_tmp_014/examples/hcg_face/build/test.o
                0x0000000020002d24                DetectUserAction
 .text.plan_para_init
                0x0000000020002d30       0x84 /home/dev/nb1001sdk/nbsdk_tmp_014/examples/hcg_face/build/test.o
                0x0000000020002d30                plan_para_init
 .text.detect_win
                0x0000000020002db4       0xe6 /home/dev/nb1001sdk/nbsdk_tmp_014/examples/hcg_face/build/test.o
                0x0000000020002db4                detect_win
 .text.plan_win
                0x0000000020002e9a      0x2c4 /home/dev/nb1001sdk/nbsdk_tmp_014/examples/hcg_face/build/test.o
                0x0000000020002e9a                plan_win
 .text.keypad_handler
                0x000000002000315e       0x38 /home/dev/nb1001sdk/nbsdk_tmp_014/examples/hcg_face/build/test.o
                0x000000002000315e                keypad_handler
 .text.startup.main
                0x0000000020003196      0x10e /home/dev/nb1001sdk/nbsdk_tmp_014/examples/hcg_face/build/test.o
                0x0000000020003196                main
 .text.pm_init  0x00000000200032a4        0x4 /home/dev/nb1001sdk/nbsdk_tmp_014/build//home/dev/nb1001sdk/nbsdk_tmp_014/applications/common/board_EVALBOARD.o
                0x00000000200032a4                pm_init
 .text.core1_default_fsm
                0x00000000200032a8        0x2 /home/dev/nb1001sdk/nbsdk_tmp_014/build//home/dev/nb1001sdk/nbsdk_tmp_014/applications/common/board_EVALBOARD.o
                0x00000000200032a8                core1_default_fsm
 .text.sensor_dbg_init
                0x00000000200032aa        0x2 /home/dev/nb1001sdk/nbsdk_tmp_014/build//home/dev/nb1001sdk/nbsdk_tmp_014/applications/common/board_EVALBOARD.o
                0x00000000200032aa                sensor_dbg_init
 .text.sensor_dbg_config_scaler
                0x00000000200032ac        0x2 /home/dev/nb1001sdk/nbsdk_tmp_014/build//home/dev/nb1001sdk/nbsdk_tmp_014/applications/common/board_EVALBOARD.o
                0x00000000200032ac                sensor_dbg_config_scaler
 .text.sensor_dbg_config_motion
                0x00000000200032ae        0x2 /home/dev/nb1001sdk/nbsdk_tmp_014/build//home/dev/nb1001sdk/nbsdk_tmp_014/applications/common/board_EVALBOARD.o
                0x00000000200032ae                sensor_dbg_config_motion
 .text.sensor_dbg_set_motion_data
                0x00000000200032b0        0x2 /home/dev/nb1001sdk/nbsdk_tmp_014/build//home/dev/nb1001sdk/nbsdk_tmp_014/applications/common/board_EVALBOARD.o
                0x00000000200032b0                sensor_dbg_set_motion_data
 .text.board_init
                0x00000000200032b2      0x136 /home/dev/nb1001sdk/nbsdk_tmp_014/build//home/dev/nb1001sdk/nbsdk_tmp_014/applications/common/board_EVALBOARD.o
                0x00000000200032b2                board_init
 .text.board_sensor_init
                0x00000000200033e8       0x82 /home/dev/nb1001sdk/nbsdk_tmp_014/build//home/dev/nb1001sdk/nbsdk_tmp_014/applications/common/board_EVALBOARD.o
                0x00000000200033e8                board_sensor_init
 .text.board_led_init
                0x000000002000346a       0x2a /home/dev/nb1001sdk/nbsdk_tmp_014/build//home/dev/nb1001sdk/nbsdk_tmp_014/applications/common/board_EVALBOARD.o
                0x000000002000346a                board_led_init
 .text.bsp_init
                0x0000000020003494       0x42 /home/dev/nb1001sdk/nbsdk_tmp_014/build//home/dev/nb1001sdk/nbsdk_tmp_014/applications/common/board_EVALBOARD.o
                0x0000000020003494                bsp_init
 .text.plan_start
                0x00000000200034d6       0x26 /home/dev/nb1001sdk/nbsdk_tmp_014/libs/lib_cv.a(cv_plan.o)
                0x00000000200034d6                plan_start
 .text.plan_scaler_split_policy
                0x00000000200034fc       0x5e /home/dev/nb1001sdk/nbsdk_tmp_014/libs/lib_cv.a(cv_plan.o)
                0x00000000200034fc                plan_scaler_split_policy
 .text.cv_detect_set_feature
                0x000000002000355a       0xa0 /home/dev/nb1001sdk/nbsdk_tmp_014/libs/lib_cv.a(cv_framework.o)
                0x000000002000355a                cv_detect_set_feature
 .text.cv_detect_start
                0x00000000200035fa      0x114 /home/dev/nb1001sdk/nbsdk_tmp_014/libs/lib_cv.a(cv_framework.o)
                0x00000000200035fa                cv_detect_start
 .text.cv_detect_get_plan_win
                0x000000002000370e        0xa /home/dev/nb1001sdk/nbsdk_tmp_014/libs/lib_cv.a(cv_framework.o)
                0x000000002000370e                cv_detect_get_plan_win
 .text.cv_detect_get_md_win
                0x0000000020003718        0xa /home/dev/nb1001sdk/nbsdk_tmp_014/libs/lib_cv.a(cv_framework.o)
                0x0000000020003718                cv_detect_get_md_win
 .text.cv_detect_get_buf
                0x0000000020003722       0x1a /home/dev/nb1001sdk/nbsdk_tmp_014/libs/lib_cv.a(cv_framework.o)
                0x0000000020003722                cv_detect_get_buf
 .text.cv_detect_check_buf_ready
                0x000000002000373c       0x22 /home/dev/nb1001sdk/nbsdk_tmp_014/libs/lib_cv.a(cv_framework.o)
                0x000000002000373c                cv_detect_check_buf_ready
 .text.cv_detect_init
                0x000000002000375e       0x9c /home/dev/nb1001sdk/nbsdk_tmp_014/libs/lib_cv.a(cv_framework.o)
                0x000000002000375e                cv_detect_init
 .text.basic_mode_init
                0x00000000200037fa       0x7e /home/dev/nb1001sdk/nbsdk_tmp_014/libs/lib_cv.a(cv_framework.o)
                0x00000000200037fa                basic_mode_init
 .text.vTaskDetect
                0x0000000020003878       0x90 /home/dev/nb1001sdk/nbsdk_tmp_014/libs/lib_cv.a(framework_detect.o)
 .text.DetectActionCallback
                0x0000000020003908       0x64 /home/dev/nb1001sdk/nbsdk_tmp_014/libs/lib_cv.a(framework_detect.o)
                0x0000000020003908                DetectActionCallback
 .text.cv_start_detect_task
                0x000000002000396c       0x5c /home/dev/nb1001sdk/nbsdk_tmp_014/libs/lib_cv.a(framework_detect.o)
                0x000000002000396c                cv_start_detect_task
 .text.MotionUserAction
                0x00000000200039c8        0x2 /home/dev/nb1001sdk/nbsdk_tmp_014/libs/lib_cv.a(framework_motion.o)
                0x00000000200039c8                MotionUserAction
 .text.vTaskMotion
                0x00000000200039ca       0xb8 /home/dev/nb1001sdk/nbsdk_tmp_014/libs/lib_cv.a(framework_motion.o)
 .text.MotionActionCallback
                0x0000000020003a82        0x4 /home/dev/nb1001sdk/nbsdk_tmp_014/libs/lib_cv.a(framework_motion.o)
                0x0000000020003a82                MotionActionCallback
 .text.cv_start_motion_task
                0x0000000020003a86       0x48 /home/dev/nb1001sdk/nbsdk_tmp_014/libs/lib_cv.a(framework_motion.o)
                0x0000000020003a86                cv_start_motion_task
 .text.FrameAdjustAecAgc_internal
                0x0000000020003ace      0x138 /home/dev/nb1001sdk/nbsdk_tmp_014/libs/lib_cv.a(framework_frame.o)
                0x0000000020003ace                FrameAdjustAecAgc_internal
 .text.FrameUserAction
                0x0000000020003c06        0x2 /home/dev/nb1001sdk/nbsdk_tmp_014/libs/lib_cv.a(framework_frame.o)
                0x0000000020003c06                FrameUserAction
 .text.vTaskFrameEnd
                0x0000000020003c08       0x88 /home/dev/nb1001sdk/nbsdk_tmp_014/libs/lib_cv.a(framework_frame.o)
 .text.FrameActionCallback
                0x0000000020003c90       0x9c /home/dev/nb1001sdk/nbsdk_tmp_014/libs/lib_cv.a(framework_frame.o)
                0x0000000020003c90                FrameActionCallback
 .text.cv_start_frame_task
                0x0000000020003d2c       0x5c /home/dev/nb1001sdk/nbsdk_tmp_014/libs/lib_cv.a(framework_frame.o)
                0x0000000020003d2c                cv_start_frame_task
 .text.cv_Normalize1D_fixed
                0x0000000020003d88       0x78 /home/dev/nb1001sdk/nbsdk_tmp_014/libs/lib_cv.a(cv_norm.o)
                0x0000000020003d88                cv_Normalize1D_fixed
 .text.cv_detect_score
                0x0000000020003e00       0x24 /home/dev/nb1001sdk/nbsdk_tmp_014/libs/lib_cv.a(cv_classify.o)
                0x0000000020003e00                cv_detect_score
 .text.prvIsQueueEmpty
                0x0000000020003e24       0x20 /home/dev/nb1001sdk/nbsdk_tmp_014/libs/lib_zeus.a(queue.o)
 .text.prvCopyDataToQueue
                0x0000000020003e44       0x7e /home/dev/nb1001sdk/nbsdk_tmp_014/libs/lib_zeus.a(queue.o)
 .text.prvNotifyQueueSetContainer
                0x0000000020003ec2       0xbc /home/dev/nb1001sdk/nbsdk_tmp_014/libs/lib_zeus.a(queue.o)
 .text.prvCopyDataFromQueue
                0x0000000020003f7e       0x20 /home/dev/nb1001sdk/nbsdk_tmp_014/libs/lib_zeus.a(queue.o)
 .text.prvUnlockQueue
                0x0000000020003f9e       0x8e /home/dev/nb1001sdk/nbsdk_tmp_014/libs/lib_zeus.a(queue.o)
 .text.xQueueGenericReset
                0x000000002000402c       0x94 /home/dev/nb1001sdk/nbsdk_tmp_014/libs/lib_zeus.a(queue.o)
                0x000000002000402c                xQueueGenericReset
 .text.xQueueGenericCreateStatic
                0x00000000200040c0      0x128 /home/dev/nb1001sdk/nbsdk_tmp_014/libs/lib_zeus.a(queue.o)
                0x00000000200040c0                xQueueGenericCreateStatic
 .text.xQueueGenericCreate
                0x00000000200041e8       0x7e /home/dev/nb1001sdk/nbsdk_tmp_014/libs/lib_zeus.a(queue.o)
                0x00000000200041e8                xQueueGenericCreate
 .text.xQueueCreateCountingSemaphore
                0x0000000020004266       0x78 /home/dev/nb1001sdk/nbsdk_tmp_014/libs/lib_zeus.a(queue.o)
                0x0000000020004266                xQueueCreateCountingSemaphore
 .text.xQueueGenericSend
                0x00000000200042de      0x1b4 /home/dev/nb1001sdk/nbsdk_tmp_014/libs/lib_zeus.a(queue.o)
                0x00000000200042de                xQueueGenericSend
 .text.xQueueCreateMutexStatic
                0x0000000020004492       0x36 /home/dev/nb1001sdk/nbsdk_tmp_014/libs/lib_zeus.a(queue.o)
                0x0000000020004492                xQueueCreateMutexStatic
 .text.xQueueCreateMutex
                0x00000000200044c8       0x30 /home/dev/nb1001sdk/nbsdk_tmp_014/libs/lib_zeus.a(queue.o)
                0x00000000200044c8                xQueueCreateMutex
 .text.xQueueGenericSendFromISR
                0x00000000200044f8      0x102 /home/dev/nb1001sdk/nbsdk_tmp_014/libs/lib_zeus.a(queue.o)
                0x00000000200044f8                xQueueGenericSendFromISR
 .text.xQueueGiveFromISR
                0x00000000200045fa       0xe2 /home/dev/nb1001sdk/nbsdk_tmp_014/libs/lib_zeus.a(queue.o)
                0x00000000200045fa                xQueueGiveFromISR
 .text.xQueueReceive
                0x00000000200046dc      0x166 /home/dev/nb1001sdk/nbsdk_tmp_014/libs/lib_zeus.a(queue.o)
                0x00000000200046dc                xQueueReceive
 .text.xQueueSemaphoreTake
                0x0000000020004842      0x1b8 /home/dev/nb1001sdk/nbsdk_tmp_014/libs/lib_zeus.a(queue.o)
                0x0000000020004842                xQueueSemaphoreTake
 .text.xQueueReceiveFromISR
                0x00000000200049fa       0xc6 /home/dev/nb1001sdk/nbsdk_tmp_014/libs/lib_zeus.a(queue.o)
                0x00000000200049fa                xQueueReceiveFromISR
 .text.uxQueueMessagesWaiting
                0x0000000020004ac0       0x46 /home/dev/nb1001sdk/nbsdk_tmp_014/libs/lib_zeus.a(queue.o)
                0x0000000020004ac0                uxQueueMessagesWaiting
 .text.vQueueDelete
                0x0000000020004b06       0x4a /home/dev/nb1001sdk/nbsdk_tmp_014/libs/lib_zeus.a(queue.o)
                0x0000000020004b06                vQueueDelete
 .text.vQueueWaitForMessageRestricted
                0x0000000020004b50       0x56 /home/dev/nb1001sdk/nbsdk_tmp_014/libs/lib_zeus.a(queue.o)
                0x0000000020004b50                vQueueWaitForMessageRestricted
 .text.prvResetNextTaskUnblockTime
                0x0000000020004ba6       0x26 /home/dev/nb1001sdk/nbsdk_tmp_014/libs/lib_zeus.a(tasks.o)
 .text.prvInitialiseNewTask.isra.2
                0x0000000020004bcc       0xde /home/dev/nb1001sdk/nbsdk_tmp_014/libs/lib_zeus.a(tasks.o)
 .text.prvDeleteTCB
                0x0000000020004caa       0x52 /home/dev/nb1001sdk/nbsdk_tmp_014/libs/lib_zeus.a(tasks.o)
 .text.prvAddCurrentTaskToDelayedList
                0x0000000020004cfc       0xa8 /home/dev/nb1001sdk/nbsdk_tmp_014/libs/lib_zeus.a(tasks.o)
 .text.vTaskSuspendAll
                0x0000000020004da4       0x10 /home/dev/nb1001sdk/nbsdk_tmp_014/libs/lib_zeus.a(tasks.o)
                0x0000000020004da4                vTaskSuspendAll
 .text.xTaskGetTickCount
                0x0000000020004db4        0xa /home/dev/nb1001sdk/nbsdk_tmp_014/libs/lib_zeus.a(tasks.o)
                0x0000000020004db4                xTaskGetTickCount
 .text.xTaskIncrementTick
                0x0000000020004dbe      0x178 /home/dev/nb1001sdk/nbsdk_tmp_014/libs/lib_zeus.a(tasks.o)
                0x0000000020004dbe                xTaskIncrementTick
 .text.vTaskSwitchContext
                0x0000000020004f36      0x11c /home/dev/nb1001sdk/nbsdk_tmp_014/libs/lib_zeus.a(tasks.o)
                0x0000000020004f36                vTaskSwitchContext
 .text.vTaskPlaceOnEventList
                0x0000000020005052       0x56 /home/dev/nb1001sdk/nbsdk_tmp_014/libs/lib_zeus.a(tasks.o)
                0x0000000020005052                vTaskPlaceOnEventList
 .text.vTaskPlaceOnEventListRestricted
                0x00000000200050a8       0x60 /home/dev/nb1001sdk/nbsdk_tmp_014/libs/lib_zeus.a(tasks.o)
                0x00000000200050a8                vTaskPlaceOnEventListRestricted
 .text.xTaskRemoveFromEventList
                0x0000000020005108       0xae /home/dev/nb1001sdk/nbsdk_tmp_014/libs/lib_zeus.a(tasks.o)
                0x0000000020005108                xTaskRemoveFromEventList
 .text.vTaskInternalSetTimeOutState
                0x00000000200051b6       0x16 /home/dev/nb1001sdk/nbsdk_tmp_014/libs/lib_zeus.a(tasks.o)
                0x00000000200051b6                vTaskInternalSetTimeOutState
 .text.vTaskMissedYield
                0x00000000200051cc        0xc /home/dev/nb1001sdk/nbsdk_tmp_014/libs/lib_zeus.a(tasks.o)
                0x00000000200051cc                vTaskMissedYield
 .text.xTaskGetSchedulerState
                0x00000000200051d8       0x1c /home/dev/nb1001sdk/nbsdk_tmp_014/libs/lib_zeus.a(tasks.o)
                0x00000000200051d8                xTaskGetSchedulerState
 .text.xTaskPriorityInherit
                0x00000000200051f4       0xa2 /home/dev/nb1001sdk/nbsdk_tmp_014/libs/lib_zeus.a(tasks.o)
                0x00000000200051f4                xTaskPriorityInherit
 .text.xTaskPriorityDisinherit
                0x0000000020005296       0xc8 /home/dev/nb1001sdk/nbsdk_tmp_014/libs/lib_zeus.a(tasks.o)
                0x0000000020005296                xTaskPriorityDisinherit
 .text.vTaskPriorityDisinheritAfterTimeout
                0x000000002000535e       0xea /home/dev/nb1001sdk/nbsdk_tmp_014/libs/lib_zeus.a(tasks.o)
                0x000000002000535e                vTaskPriorityDisinheritAfterTimeout
 .text.vTaskEnterCritical
                0x0000000020005448       0x22 /home/dev/nb1001sdk/nbsdk_tmp_014/libs/lib_zeus.a(tasks.o)
                0x0000000020005448                vTaskEnterCritical
 .text.vTaskExitCritical
                0x000000002000546a       0x2c /home/dev/nb1001sdk/nbsdk_tmp_014/libs/lib_zeus.a(tasks.o)
                0x000000002000546a                vTaskExitCritical
 .text.prvAddNewTaskToReadyList
                0x0000000020005496      0x146 /home/dev/nb1001sdk/nbsdk_tmp_014/libs/lib_zeus.a(tasks.o)
 .text.xTaskCreateStatic
                0x00000000200055dc       0xe4 /home/dev/nb1001sdk/nbsdk_tmp_014/libs/lib_zeus.a(tasks.o)
                0x00000000200055dc                xTaskCreateStatic
 .text.vTaskStartScheduler
                0x00000000200056c0       0x96 /home/dev/nb1001sdk/nbsdk_tmp_014/libs/lib_zeus.a(tasks.o)
                0x00000000200056c0                vTaskStartScheduler
 .text.xTaskCreate
                0x0000000020005756       0x64 /home/dev/nb1001sdk/nbsdk_tmp_014/libs/lib_zeus.a(tasks.o)
                0x0000000020005756                xTaskCreate
 .text.vTaskDelete
                0x00000000200057ba       0xda /home/dev/nb1001sdk/nbsdk_tmp_014/libs/lib_zeus.a(tasks.o)
                0x00000000200057ba                vTaskDelete
 .text.uxTaskPriorityGet
                0x0000000020005894       0x26 /home/dev/nb1001sdk/nbsdk_tmp_014/libs/lib_zeus.a(tasks.o)
                0x0000000020005894                uxTaskPriorityGet
 .text.prvIdleTask
                0x00000000200058ba       0x70 /home/dev/nb1001sdk/nbsdk_tmp_014/libs/lib_zeus.a(tasks.o)
 .text.xTaskResumeAll
                0x000000002000592a      0x134 /home/dev/nb1001sdk/nbsdk_tmp_014/libs/lib_zeus.a(tasks.o)
                0x000000002000592a                xTaskResumeAll
 .text.vTaskDelay
                0x0000000020005a5e       0x60 /home/dev/nb1001sdk/nbsdk_tmp_014/libs/lib_zeus.a(tasks.o)
                0x0000000020005a5e                vTaskDelay
 .text.xTaskCheckForTimeOut
                0x0000000020005abe       0xb8 /home/dev/nb1001sdk/nbsdk_tmp_014/libs/lib_zeus.a(tasks.o)
                0x0000000020005abe                xTaskCheckForTimeOut
 .text.pvTaskIncrementMutexHeldCount
                0x0000000020005b76       0x1c /home/dev/nb1001sdk/nbsdk_tmp_014/libs/lib_zeus.a(tasks.o)
                0x0000000020005b76                pvTaskIncrementMutexHeldCount
 .text.prvCheckForValidListAndQueue
                0x0000000020005b92       0x74 /home/dev/nb1001sdk/nbsdk_tmp_014/libs/lib_zeus.a(timers.o)
 .text.prvInsertTimerInActiveList
                0x0000000020005c06       0x48 /home/dev/nb1001sdk/nbsdk_tmp_014/libs/lib_zeus.a(timers.o)
 .text.xTimerCreateTimerTask
                0x0000000020005c4e       0x80 /home/dev/nb1001sdk/nbsdk_tmp_014/libs/lib_zeus.a(timers.o)
                0x0000000020005c4e                xTimerCreateTimerTask
 .text.xTimerCreate
                0x0000000020005cce       0x82 /home/dev/nb1001sdk/nbsdk_tmp_014/libs/lib_zeus.a(timers.o)
                0x0000000020005cce                xTimerCreate
 .text.xTimerGenericCommand
                0x0000000020005d50       0x92 /home/dev/nb1001sdk/nbsdk_tmp_014/libs/lib_zeus.a(timers.o)
                0x0000000020005d50                xTimerGenericCommand
 .text.prvSwitchTimerLists
                0x0000000020005de2       0xb0 /home/dev/nb1001sdk/nbsdk_tmp_014/libs/lib_zeus.a(timers.o)
 .text.prvTimerTask
                0x0000000020005e92      0x1e8 /home/dev/nb1001sdk/nbsdk_tmp_014/libs/lib_zeus.a(timers.o)
 .text.prvInsertBlockIntoFreeList
                0x000000002000607a       0x4e /home/dev/nb1001sdk/nbsdk_tmp_014/libs/lib_zeus.a(heap_5.o)
 .text.pvPortMalloc
                0x00000000200060c8       0xfc /home/dev/nb1001sdk/nbsdk_tmp_014/libs/lib_zeus.a(heap_5.o)
                0x00000000200060c8                pvPortMalloc
 .text.xPortGetPtrSize
                0x00000000200061c4       0x2e /home/dev/nb1001sdk/nbsdk_tmp_014/libs/lib_zeus.a(heap_5.o)
                0x00000000200061c4                xPortGetPtrSize
 .text.vPortFree
                0x00000000200061f2       0xc2 /home/dev/nb1001sdk/nbsdk_tmp_014/libs/lib_zeus.a(heap_5.o)
                0x00000000200061f2                vPortFree
 .text.vPortDefineHeapRegions
                0x00000000200062b4      0x170 /home/dev/nb1001sdk/nbsdk_tmp_014/libs/lib_zeus.a(heap_5.o)
                0x00000000200062b4                vPortDefineHeapRegions
 .text.pxPortInitialiseStack
                0x0000000020006424       0x1a /home/dev/nb1001sdk/nbsdk_tmp_014/libs/lib_zeus.a(port.o)
                0x0000000020006424                pxPortInitialiseStack
 .text.vPortSetupTimer
                0x000000002000643e       0x3a /home/dev/nb1001sdk/nbsdk_tmp_014/libs/lib_zeus.a(port.o)
                0x000000002000643e                vPortSetupTimer
 .text.vPortSysTickHandler
                0x0000000020006478       0x26 /home/dev/nb1001sdk/nbsdk_tmp_014/libs/lib_zeus.a(port.o)
                0x0000000020006478                vPortSysTickHandler
 .text.system_config_share
                0x000000002000649e        0xa /home/dev/nb1001sdk/nbsdk_tmp_014/libs/lib_zeus.a(system_zeus.o)
                0x000000002000649e                system_config_share
 .text.system_config_pll
                0x00000000200064a8        0xa /home/dev/nb1001sdk/nbsdk_tmp_014/libs/lib_zeus.a(system_zeus.o)
                0x00000000200064a8                system_config_pll
 .text.system_config_stack
                0x00000000200064b2        0xa /home/dev/nb1001sdk/nbsdk_tmp_014/libs/lib_zeus.a(system_zeus.o)
                0x00000000200064b2                system_config_stack
 .text.system_config_core_clk
                0x00000000200064bc        0xa /home/dev/nb1001sdk/nbsdk_tmp_014/libs/lib_zeus.a(system_zeus.o)
                0x00000000200064bc                system_config_core_clk
 .text.core_id  0x00000000200064c6        0xc /home/dev/nb1001sdk/nbsdk_tmp_014/libs/lib_zeus.a(system_zeus.o)
                0x00000000200064c6                core_id
 .text.system_clock
                0x00000000200064d2        0xa /home/dev/nb1001sdk/nbsdk_tmp_014/libs/lib_zeus.a(system_zeus.o)
                0x00000000200064d2                system_clock
 .text.set_reboot_fw
                0x00000000200064dc       0x52 /home/dev/nb1001sdk/nbsdk_tmp_014/libs/lib_zeus.a(system_zeus.o)
                0x00000000200064dc                set_reboot_fw
 .text.reboot   0x000000002000652e       0x6c /home/dev/nb1001sdk/nbsdk_tmp_014/libs/lib_zeus.a(system_zeus.o)
                0x000000002000652e                reboot
 .text.switch_next_firmware
                0x000000002000659a       0x68 /home/dev/nb1001sdk/nbsdk_tmp_014/libs/lib_zeus.a(system_zeus.o)
                0x000000002000659a                switch_next_firmware
 .text.vPrvAssertFailed
                0x0000000020006602       0x12 /home/dev/nb1001sdk/nbsdk_tmp_014/libs/lib_zeus.a(system_zeus.o)
                0x0000000020006602                vPrvAssertFailed
 .text.vApplicationGetIdleTaskMemory
                0x0000000020006614       0x1c /home/dev/nb1001sdk/nbsdk_tmp_014/libs/lib_zeus.a(system_zeus.o)
                0x0000000020006614                vApplicationGetIdleTaskMemory
 .text.vApplicationGetTimerTaskMemory
                0x0000000020006630       0x1c /home/dev/nb1001sdk/nbsdk_tmp_014/libs/lib_zeus.a(system_zeus.o)
                0x0000000020006630                vApplicationGetTimerTaskMemory
 .text.vApplicationIdleHook
                0x000000002000664c        0x2 /home/dev/nb1001sdk/nbsdk_tmp_014/libs/lib_zeus.a(system_zeus.o)
                0x000000002000664c                vApplicationIdleHook
 .text.vApplicationStackOverflowHook
                0x000000002000664e       0x16 /home/dev/nb1001sdk/nbsdk_tmp_014/libs/lib_zeus.a(system_zeus.o)
                0x000000002000664e                vApplicationStackOverflowHook
 .text.system_init
                0x0000000020006664       0xe4 /home/dev/nb1001sdk/nbsdk_tmp_014/libs/lib_zeus.a(system_zeus.o)
                0x0000000020006664                system_init
 .text.driver_init
                0x0000000020006748      0x12a /home/dev/nb1001sdk/nbsdk_tmp_014/libs/lib_zeus.a(system_zeus.o)
                0x0000000020006748                driver_init
 .text.vTaskOsMain
                0x0000000020006872       0x14 /home/dev/nb1001sdk/nbsdk_tmp_014/libs/lib_zeus.a(system_zeus.o)
 .text.osmain   0x0000000020006886       0x54 /home/dev/nb1001sdk/nbsdk_tmp_014/libs/lib_zeus.a(system_zeus.o)
                0x0000000020006886                osmain
 .text.timer3_int_handler
                0x00000000200068da       0x2a /home/dev/nb1001sdk/nbsdk_tmp_014/libs/lib_zeus.a(time.o)
 .text.perf_timer_init
                0x0000000020006904       0x22 /home/dev/nb1001sdk/nbsdk_tmp_014/libs/lib_zeus.a(time.o)
                0x0000000020006904                perf_timer_init
 .text.perf_get_ticks
                0x0000000020006926       0x1c /home/dev/nb1001sdk/nbsdk_tmp_014/libs/lib_zeus.a(time.o)
                0x0000000020006926                perf_get_ticks
 .text.udelay_internal
                0x0000000020006942       0x46 /home/dev/nb1001sdk/nbsdk_tmp_014/libs/lib_zeus.a(time.o)
 .text.mdelay   0x0000000020006988       0x20 /home/dev/nb1001sdk/nbsdk_tmp_014/libs/lib_zeus.a(time.o)
                0x0000000020006988                mdelay
 .text.led_find_id_by_pin_no
                0x00000000200069a8       0x26 /home/dev/nb1001sdk/nbsdk_tmp_014/libs/lib_zeus.a(led.o)
 .text.vTimerCallback_led
                0x00000000200069ce       0x34 /home/dev/nb1001sdk/nbsdk_tmp_014/libs/lib_zeus.a(led.o)
 .text.led_config_timer
                0x0000000020006a02       0xb6 /home/dev/nb1001sdk/nbsdk_tmp_014/libs/lib_zeus.a(led.o)
 .text.led_add_conf
                0x0000000020006ab8       0xc6 /home/dev/nb1001sdk/nbsdk_tmp_014/libs/lib_zeus.a(led.o)
                0x0000000020006ab8                led_add_conf
 .text.led_set_state
                0x0000000020006b7e       0x34 /home/dev/nb1001sdk/nbsdk_tmp_014/libs/lib_zeus.a(led.o)
                0x0000000020006b7e                led_set_state
 .text.debug_event_init
                0x0000000020006bb2        0x2 /home/dev/nb1001sdk/nbsdk_tmp_014/libs/lib_zeus.a(debug_utils.o)
                0x0000000020006bb2                debug_event_init
 .text.hal_bridge_putchar
                0x0000000020006bb4       0x32 /home/dev/nb1001sdk/nbsdk_tmp_014/libs/lib_zeus.a(debug_bridge.o)
                0x0000000020006bb4                hal_bridge_putchar
 .text.hal_bridge_is_internal_printf
                0x0000000020006be6        0xa /home/dev/nb1001sdk/nbsdk_tmp_014/libs/lib_zeus.a(debug_bridge.o)
                0x0000000020006be6                hal_bridge_is_internal_printf
 .text.pack_get_info
                0x0000000020006bf0       0x78 /home/dev/nb1001sdk/nbsdk_tmp_014/libs/lib_zeus.a(pack_parser.o)
 .text.pack_check_hdr.isra.1
                0x0000000020006c68       0x3a /home/dev/nb1001sdk/nbsdk_tmp_014/libs/lib_zeus.a(pack_parser.o)
 .text.pack_init
                0x0000000020006ca2      0x424 /home/dev/nb1001sdk/nbsdk_tmp_014/libs/lib_zeus.a(pack_parser.o)
                0x0000000020006ca2                pack_init
 .text.pack_get_comp_number
                0x00000000200070c6       0x54 /home/dev/nb1001sdk/nbsdk_tmp_014/libs/lib_zeus.a(pack_parser.o)
                0x00000000200070c6                pack_get_comp_number
 .text.pack_get_fid
                0x000000002000711a       0x4e /home/dev/nb1001sdk/nbsdk_tmp_014/libs/lib_zeus.a(pack_parser.o)
                0x000000002000711a                pack_get_fid
 .text.pack_fid_to_id
                0x0000000020007168       0x7e /home/dev/nb1001sdk/nbsdk_tmp_014/libs/lib_zeus.a(pack_parser.o)
                0x0000000020007168                pack_fid_to_id
 .text.pack_get_off_size
                0x00000000200071e6       0x72 /home/dev/nb1001sdk/nbsdk_tmp_014/libs/lib_zeus.a(pack_parser.o)
                0x00000000200071e6                pack_get_off_size
 .text.audio_mp3_check
                0x0000000020007258      0x140 /home/dev/nb1001sdk/nbsdk_tmp_014/libs/lib_zeus.a(audio_api.o)
 .text.audio_play_id
                0x0000000020007398      0x24c /home/dev/nb1001sdk/nbsdk_tmp_014/libs/lib_zeus.a(audio_api.o)
                0x0000000020007398                audio_play_id
 .text.audio_play_id_pending
                0x00000000200075e4       0x4c /home/dev/nb1001sdk/nbsdk_tmp_014/libs/lib_zeus.a(audio_api.o)
                0x00000000200075e4                audio_play_id_pending
 .text.audio_play_fid_pending
                0x0000000020007630       0x22 /home/dev/nb1001sdk/nbsdk_tmp_014/libs/lib_zeus.a(audio_api.o)
                0x0000000020007630                audio_play_fid_pending
 .text.audio_play_init
                0x0000000020007652       0x24 /home/dev/nb1001sdk/nbsdk_tmp_014/libs/lib_zeus.a(audio_api.o)
                0x0000000020007652                audio_play_init
 .text.codec_init
                0x0000000020007676       0x1a /home/dev/nb1001sdk/nbsdk_tmp_014/libs/lib_zeus.a(audio_codec.o)
                0x0000000020007676                codec_init
 .text.codec_init_dac
                0x0000000020007690       0x1a /home/dev/nb1001sdk/nbsdk_tmp_014/libs/lib_zeus.a(audio_codec.o)
                0x0000000020007690                codec_init_dac
 .text.codec_set_samplerate
                0x00000000200076aa       0x1a /home/dev/nb1001sdk/nbsdk_tmp_014/libs/lib_zeus.a(audio_codec.o)
                0x00000000200076aa                codec_set_samplerate
 .text.get_global_area
                0x00000000200076c4       0x6c /home/dev/nb1001sdk/nbsdk_tmp_014/libs/lib_zeus.a(sensor.o)
                0x00000000200076c4                get_global_area
 .text.get_partial_area_ave
                0x0000000020007730       0x56 /home/dev/nb1001sdk/nbsdk_tmp_014/libs/lib_zeus.a(sensor.o)
                0x0000000020007730                get_partial_area_ave
 .text.sensor_set_ave_area
                0x0000000020007786       0x12 /home/dev/nb1001sdk/nbsdk_tmp_014/libs/lib_zeus.a(sensor.o)
                0x0000000020007786                sensor_set_ave_area
 .text.internal_sensor_fps_init
                0x0000000020007798      0x1e8 /home/dev/nb1001sdk/nbsdk_tmp_014/libs/lib_zeus.a(sensor_internal.o)
                0x0000000020007798                internal_sensor_fps_init
 .text.internal_sensor_init
                0x0000000020007980       0x68 /home/dev/nb1001sdk/nbsdk_tmp_014/libs/lib_zeus.a(sensor_internal.o)
                0x0000000020007980                internal_sensor_init
 .text.internal_sensor_config
                0x00000000200079e8       0xa6 /home/dev/nb1001sdk/nbsdk_tmp_014/libs/lib_zeus.a(sensor_internal.o)
                0x00000000200079e8                internal_sensor_config
 .text.bsp_init_core
                0x0000000020007a8e       0x16 /home/dev/nb1001sdk/nbsdk_tmp_014/libs/lib_zeus.a(bsp.o)
                0x0000000020007a8e                bsp_init_core
 .text.bsp_init_clock
                0x0000000020007aa4      0x100 /home/dev/nb1001sdk/nbsdk_tmp_014/libs/lib_zeus.a(bsp.o)
                0x0000000020007aa4                bsp_init_clock
 .text.bsp_enable_pclk
                0x0000000020007ba4       0x14 /home/dev/nb1001sdk/nbsdk_tmp_014/libs/lib_zeus.a(bsp.o)
                0x0000000020007ba4                bsp_enable_pclk
 .text.vTaskDefaultGpioKey
                0x0000000020007bb8       0xca /home/dev/nb1001sdk/nbsdk_tmp_014/libs/lib_zeus.a(gpio_key.o)
 .text.gpio_key_enable
                0x0000000020007c82       0x98 /home/dev/nb1001sdk/nbsdk_tmp_014/libs/lib_zeus.a(gpio_key.o)
                0x0000000020007c82                gpio_key_enable
 .text.gpio_key_add
                0x0000000020007d1a       0x7c /home/dev/nb1001sdk/nbsdk_tmp_014/libs/lib_zeus.a(gpio_key.o)
                0x0000000020007d1a                gpio_key_add
 .text.uart_set_baudrate
                0x0000000020007d96       0x70 /home/dev/nb1001sdk/nbsdk_tmp_014/libs/lib_zeus.a(uart.o)
                0x0000000020007d96                uart_set_baudrate
 .text.uart_init
                0x0000000020007e06       0x5e /home/dev/nb1001sdk/nbsdk_tmp_014/libs/lib_zeus.a(uart.o)
                0x0000000020007e06                uart_init
 .text.uart_putc
                0x0000000020007e64       0x14 /home/dev/nb1001sdk/nbsdk_tmp_014/libs/lib_zeus.a(uart.o)
                0x0000000020007e64                uart_putc
 .text.timer_start
                0x0000000020007e78       0x16 /home/dev/nb1001sdk/nbsdk_tmp_014/libs/lib_zeus.a(timer.o)
                0x0000000020007e78                timer_start
 .text.timer_get_count
                0x0000000020007e8e       0x10 /home/dev/nb1001sdk/nbsdk_tmp_014/libs/lib_zeus.a(timer.o)
                0x0000000020007e8e                timer_get_count
 .text.timer_enable_int
                0x0000000020007e9e       0x1c /home/dev/nb1001sdk/nbsdk_tmp_014/libs/lib_zeus.a(timer.o)
                0x0000000020007e9e                timer_enable_int
 .text.timer_clear_int
                0x0000000020007eba       0x10 /home/dev/nb1001sdk/nbsdk_tmp_014/libs/lib_zeus.a(timer.o)
                0x0000000020007eba                timer_clear_int
 .text.timer_init
                0x0000000020007eca       0x9c /home/dev/nb1001sdk/nbsdk_tmp_014/libs/lib_zeus.a(timer.o)
                0x0000000020007eca                timer_init
 .text.timer_get_int_status
                0x0000000020007f66       0x10 /home/dev/nb1001sdk/nbsdk_tmp_014/libs/lib_zeus.a(timer.o)
                0x0000000020007f66                timer_get_int_status
 .text.irq_gen_irq_entry.constprop.0
                0x0000000020007f76       0x34 /home/dev/nb1001sdk/nbsdk_tmp_014/libs/lib_zeus.a(interrupt.o)
 .text.irq_init
                0x0000000020007faa       0x24 /home/dev/nb1001sdk/nbsdk_tmp_014/libs/lib_zeus.a(interrupt.o)
                0x0000000020007faa                irq_init
 .text.irq_cpu_disable
                0x0000000020007fce        0x6 /home/dev/nb1001sdk/nbsdk_tmp_014/libs/lib_zeus.a(interrupt.o)
                0x0000000020007fce                irq_cpu_disable
 .text.irq_ext_enable
                0x0000000020007fd4       0x26 /home/dev/nb1001sdk/nbsdk_tmp_014/libs/lib_zeus.a(interrupt.o)
                0x0000000020007fd4                irq_ext_enable
 .text.irq_ext_disable
                0x0000000020007ffa       0x26 /home/dev/nb1001sdk/nbsdk_tmp_014/libs/lib_zeus.a(interrupt.o)
                0x0000000020007ffa                irq_ext_disable
 .text.irq_ext_clear
                0x0000000020008020       0x26 /home/dev/nb1001sdk/nbsdk_tmp_014/libs/lib_zeus.a(interrupt.o)
                0x0000000020008020                irq_ext_clear
 .text.irq_install_handler
                0x0000000020008046       0x20 /home/dev/nb1001sdk/nbsdk_tmp_014/libs/lib_zeus.a(interrupt.o)
                0x0000000020008046                irq_install_handler
 .text.sys_delay
                0x0000000020008066       0x16 /home/dev/nb1001sdk/nbsdk_tmp_014/libs/lib_zeus.a(sysctrl.o)
                0x0000000020008066                sys_delay
 .text.sys_reset_assert
                0x000000002000807c       0x10 /home/dev/nb1001sdk/nbsdk_tmp_014/libs/lib_zeus.a(sysctrl.o)
                0x000000002000807c                sys_reset_assert
 .text.sys_reset_deassert
                0x000000002000808c       0x14 /home/dev/nb1001sdk/nbsdk_tmp_014/libs/lib_zeus.a(sysctrl.o)
                0x000000002000808c                sys_reset_deassert
 .text.sys_reset_delay
                0x00000000200080a0       0x22 /home/dev/nb1001sdk/nbsdk_tmp_014/libs/lib_zeus.a(sysctrl.o)
                0x00000000200080a0                sys_reset_delay
 .text.sys_reset
                0x00000000200080c2        0x8 /home/dev/nb1001sdk/nbsdk_tmp_014/libs/lib_zeus.a(sysctrl.o)
                0x00000000200080c2                sys_reset
 .text.sys_reset2
                0x00000000200080ca       0x52 /home/dev/nb1001sdk/nbsdk_tmp_014/libs/lib_zeus.a(sysctrl.o)
                0x00000000200080ca                sys_reset2
 .text.sys_set_div
                0x000000002000811c       0x30 /home/dev/nb1001sdk/nbsdk_tmp_014/libs/lib_zeus.a(sysctrl.o)
                0x000000002000811c                sys_set_div
 .text.sys_set_boot_addr
                0x000000002000814c       0x22 /home/dev/nb1001sdk/nbsdk_tmp_014/libs/lib_zeus.a(sysctrl.o)
                0x000000002000814c                sys_set_boot_addr
 .text.sys_reset_core
                0x000000002000816e       0x24 /home/dev/nb1001sdk/nbsdk_tmp_014/libs/lib_zeus.a(sysctrl.o)
                0x000000002000816e                sys_reset_core
 .text.sys_set_padshare
                0x0000000020008192       0x2e /home/dev/nb1001sdk/nbsdk_tmp_014/libs/lib_zeus.a(sysctrl.o)
                0x0000000020008192                sys_set_padshare
 .text.sys_pclk_ctrl
                0x00000000200081c0       0x52 /home/dev/nb1001sdk/nbsdk_tmp_014/libs/lib_zeus.a(sysctrl.o)
                0x00000000200081c0                sys_pclk_ctrl
 .text.dmac_int_handler
                0x0000000020008212       0xda /home/dev/nb1001sdk/nbsdk_tmp_014/libs/lib_zeus.a(dmac.o)
 .text.dmac_ch_enable.part.0
                0x00000000200082ec       0x12 /home/dev/nb1001sdk/nbsdk_tmp_014/libs/lib_zeus.a(dmac.o)
 .text.dmac_init
                0x00000000200082fe      0x104 /home/dev/nb1001sdk/nbsdk_tmp_014/libs/lib_zeus.a(dmac.o)
                0x00000000200082fe                dmac_init
 .text.dmac_request_ch
                0x0000000020008402       0x78 /home/dev/nb1001sdk/nbsdk_tmp_014/libs/lib_zeus.a(dmac.o)
                0x0000000020008402                dmac_request_ch
 .text.dmac_release_ch
                0x000000002000847a       0x6c /home/dev/nb1001sdk/nbsdk_tmp_014/libs/lib_zeus.a(dmac.o)
                0x000000002000847a                dmac_release_ch
 .text.dmac_set_callback
                0x00000000200084e6       0x1c /home/dev/nb1001sdk/nbsdk_tmp_014/libs/lib_zeus.a(dmac.o)
                0x00000000200084e6                dmac_set_callback
 .text.dmac_ch_enable
                0x0000000020008502       0x58 /home/dev/nb1001sdk/nbsdk_tmp_014/libs/lib_zeus.a(dmac.o)
                0x0000000020008502                dmac_ch_enable
 .text.dmac_ch_abort
                0x000000002000855a       0x68 /home/dev/nb1001sdk/nbsdk_tmp_014/libs/lib_zeus.a(dmac.o)
                0x000000002000855a                dmac_ch_abort
 .text.dmac_ch_config_hw_internal
                0x00000000200085c2      0x120 /home/dev/nb1001sdk/nbsdk_tmp_014/libs/lib_zeus.a(dmac.o)
                0x00000000200085c2                dmac_ch_config_hw_internal
 .text.dmac_ch_config_hw
                0x00000000200086e2       0x28 /home/dev/nb1001sdk/nbsdk_tmp_014/libs/lib_zeus.a(dmac.o)
                0x00000000200086e2                dmac_ch_config_hw
 .text.dmac_ch_config_hw_fast
                0x000000002000870a       0x3e /home/dev/nb1001sdk/nbsdk_tmp_014/libs/lib_zeus.a(dmac.o)
                0x000000002000870a                dmac_ch_config_hw_fast
 .text.dmac_ch_wait_done
                0x0000000020008748       0x52 /home/dev/nb1001sdk/nbsdk_tmp_014/libs/lib_zeus.a(dmac.o)
                0x0000000020008748                dmac_ch_wait_done
 .text.dmac_ch_get_transfered
                0x000000002000879a       0x16 /home/dev/nb1001sdk/nbsdk_tmp_014/libs/lib_zeus.a(dmac.o)
                0x000000002000879a                dmac_ch_get_transfered
 .text.dmac_ch_config
                0x00000000200087b0       0x78 /home/dev/nb1001sdk/nbsdk_tmp_014/libs/lib_zeus.a(dmac.o)
                0x00000000200087b0                dmac_ch_config
 .text.dmac_ch_single_transfer
                0x0000000020008828       0x9e /home/dev/nb1001sdk/nbsdk_tmp_014/libs/lib_zeus.a(dmac.o)
                0x0000000020008828                dmac_ch_single_transfer
 .text.aes_init
                0x00000000200088c6       0x6e /home/dev/nb1001sdk/nbsdk_tmp_014/libs/lib_zeus.a(aes.o)
                0x00000000200088c6                aes_init
 .text.i2c_int_handler
                0x0000000020008934      0x2a0 /home/dev/nb1001sdk/nbsdk_tmp_014/libs/lib_zeus.a(i2c.o)
 .text.i2c_init_hw
                0x0000000020008bd4       0xd6 /home/dev/nb1001sdk/nbsdk_tmp_014/libs/lib_zeus.a(i2c.o)
 .text.i2c_init
                0x0000000020008caa      0x15e /home/dev/nb1001sdk/nbsdk_tmp_014/libs/lib_zeus.a(i2c.o)
                0x0000000020008caa                i2c_init
 .text.gpio_int_handler
                0x0000000020008e08       0x5c /home/dev/nb1001sdk/nbsdk_tmp_014/libs/lib_zeus.a(gpio.o)
 .text.gpio_init
                0x0000000020008e64       0xd6 /home/dev/nb1001sdk/nbsdk_tmp_014/libs/lib_zeus.a(gpio.o)
                0x0000000020008e64                gpio_init
 .text.gpio_set_dir
                0x0000000020008f3a       0x82 /home/dev/nb1001sdk/nbsdk_tmp_014/libs/lib_zeus.a(gpio.o)
                0x0000000020008f3a                gpio_set_dir
 .text.gpio_set_mode
                0x0000000020008fbc       0x82 /home/dev/nb1001sdk/nbsdk_tmp_014/libs/lib_zeus.a(gpio.o)
                0x0000000020008fbc                gpio_set_mode
 .text.gpio_set_value
                0x000000002000903e       0x84 /home/dev/nb1001sdk/nbsdk_tmp_014/libs/lib_zeus.a(gpio.o)
                0x000000002000903e                gpio_set_value
 .text.gpio_get_value
                0x00000000200090c2       0x34 /home/dev/nb1001sdk/nbsdk_tmp_014/libs/lib_zeus.a(gpio.o)
                0x00000000200090c2                gpio_get_value
 .text.cal_crop_output
                0x00000000200090f6       0x60 /home/dev/nb1001sdk/nbsdk_tmp_014/libs/lib_zeus.a(isp_binskip.o)
 .text.crop_config_win
                0x0000000020009156       0x1a /home/dev/nb1001sdk/nbsdk_tmp_014/libs/lib_zeus.a(isp_binskip.o)
                0x0000000020009156                crop_config_win
 .text.crop_init
                0x0000000020009170       0x6e /home/dev/nb1001sdk/nbsdk_tmp_014/libs/lib_zeus.a(isp_binskip.o)
                0x0000000020009170                crop_init
 .text.crop_enable
                0x00000000200091de      0x192 /home/dev/nb1001sdk/nbsdk_tmp_014/libs/lib_zeus.a(isp_binskip.o)
                0x00000000200091de                crop_enable
 .text.scaler_int_handler
                0x0000000020009370       0x44 /home/dev/nb1001sdk/nbsdk_tmp_014/libs/lib_zeus.a(isp_scaler.o)
 .text.scaler_adjust_src_wh
                0x00000000200093b4       0x62 /home/dev/nb1001sdk/nbsdk_tmp_014/libs/lib_zeus.a(isp_scaler.o)
 .text.scaler_enable
                0x0000000020009416       0x1a /home/dev/nb1001sdk/nbsdk_tmp_014/libs/lib_zeus.a(isp_scaler.o)
                0x0000000020009416                scaler_enable
 .text.scaler_disable
                0x0000000020009430       0x16 /home/dev/nb1001sdk/nbsdk_tmp_014/libs/lib_zeus.a(isp_scaler.o)
                0x0000000020009430                scaler_disable
 .text.scaler_disable_all
                0x0000000020009446        0xa /home/dev/nb1001sdk/nbsdk_tmp_014/libs/lib_zeus.a(isp_scaler.o)
                0x0000000020009446                scaler_disable_all
 .text.scaler_check_wins_valid
                0x0000000020009450       0x14 /home/dev/nb1001sdk/nbsdk_tmp_014/libs/lib_zeus.a(isp_scaler.o)
                0x0000000020009450                scaler_check_wins_valid
 .text.scaler_change_win
                0x0000000020009464      0x20c /home/dev/nb1001sdk/nbsdk_tmp_014/libs/lib_zeus.a(isp_scaler.o)
                0x0000000020009464                scaler_change_win
 .text.scaler_change_wins
                0x0000000020009670       0x7e /home/dev/nb1001sdk/nbsdk_tmp_014/libs/lib_zeus.a(isp_scaler.o)
                0x0000000020009670                scaler_change_wins
 .text.scaler_cfg_enable
                0x00000000200096ee       0x10 /home/dev/nb1001sdk/nbsdk_tmp_014/libs/lib_zeus.a(isp_scaler.o)
                0x00000000200096ee                scaler_cfg_enable
 .text.scaler_start
                0x00000000200096fe       0x52 /home/dev/nb1001sdk/nbsdk_tmp_014/libs/lib_zeus.a(isp_scaler.o)
                0x00000000200096fe                scaler_start
 .text.scaler_init
                0x0000000020009750       0xa2 /home/dev/nb1001sdk/nbsdk_tmp_014/libs/lib_zeus.a(isp_scaler.o)
                0x0000000020009750                scaler_init
 .text.scaler_default_wins
                0x00000000200097f2       0x78 /home/dev/nb1001sdk/nbsdk_tmp_014/libs/lib_zeus.a(isp_scaler.o)
                0x00000000200097f2                scaler_default_wins
 .text.md_int_handler
                0x000000002000986a      0x17c /home/dev/nb1001sdk/nbsdk_tmp_014/libs/lib_zeus.a(isp_md.o)
 .text.md_enable
                0x00000000200099e6       0x18 /home/dev/nb1001sdk/nbsdk_tmp_014/libs/lib_zeus.a(isp_md.o)
                0x00000000200099e6                md_enable
 .text.md_stop  0x00000000200099fe       0x6c /home/dev/nb1001sdk/nbsdk_tmp_014/libs/lib_zeus.a(isp_md.o)
                0x00000000200099fe                md_stop
 .text.md_start
                0x0000000020009a6a       0x78 /home/dev/nb1001sdk/nbsdk_tmp_014/libs/lib_zeus.a(isp_md.o)
                0x0000000020009a6a                md_start
 .text.md_wait_for_motion
                0x0000000020009ae2       0x4e /home/dev/nb1001sdk/nbsdk_tmp_014/libs/lib_zeus.a(isp_md.o)
                0x0000000020009ae2                md_wait_for_motion
 .text.md_wait_for_frame_finish
                0x0000000020009b30       0x4e /home/dev/nb1001sdk/nbsdk_tmp_014/libs/lib_zeus.a(isp_md.o)
                0x0000000020009b30                md_wait_for_frame_finish
 .text.md_fixed_set_bins_range
                0x0000000020009b7e       0x30 /home/dev/nb1001sdk/nbsdk_tmp_014/libs/lib_zeus.a(isp_md.o)
                0x0000000020009b7e                md_fixed_set_bins_range
 .text.md_calc_bin_range
                0x0000000020009bae       0x5e /home/dev/nb1001sdk/nbsdk_tmp_014/libs/lib_zeus.a(isp_md.o)
 .text.md_fixed_set_win
                0x0000000020009c0c       0x34 /home/dev/nb1001sdk/nbsdk_tmp_014/libs/lib_zeus.a(isp_md.o)
                0x0000000020009c0c                md_fixed_set_win
 .text.md_fixed_set_bin_mode
                0x0000000020009c40       0x36 /home/dev/nb1001sdk/nbsdk_tmp_014/libs/lib_zeus.a(isp_md.o)
                0x0000000020009c40                md_fixed_set_bin_mode
 .text.md_fixed_set_detect_win
                0x0000000020009c76       0x2a /home/dev/nb1001sdk/nbsdk_tmp_014/libs/lib_zeus.a(isp_md.o)
                0x0000000020009c76                md_fixed_set_detect_win
 .text.md_fixed_set_auto_bin
                0x0000000020009ca0       0x16 /home/dev/nb1001sdk/nbsdk_tmp_014/libs/lib_zeus.a(isp_md.o)
                0x0000000020009ca0                md_fixed_set_auto_bin
 .text.md_free_set_win
                0x0000000020009cb6       0x3a /home/dev/nb1001sdk/nbsdk_tmp_014/libs/lib_zeus.a(isp_md.o)
                0x0000000020009cb6                md_free_set_win
 .text.md_free_config_para
                0x0000000020009cf0       0x24 /home/dev/nb1001sdk/nbsdk_tmp_014/libs/lib_zeus.a(isp_md.o)
                0x0000000020009cf0                md_free_config_para
 .text.md_free_set_auto_bin
                0x0000000020009d14       0x16 /home/dev/nb1001sdk/nbsdk_tmp_014/libs/lib_zeus.a(isp_md.o)
                0x0000000020009d14                md_free_set_auto_bin
 .text.md_set_cmp_mode
                0x0000000020009d2a       0x18 /home/dev/nb1001sdk/nbsdk_tmp_014/libs/lib_zeus.a(isp_md.o)
                0x0000000020009d2a                md_set_cmp_mode
 .text.md_set_mem_write_en
                0x0000000020009d42       0x18 /home/dev/nb1001sdk/nbsdk_tmp_014/libs/lib_zeus.a(isp_md.o)
                0x0000000020009d42                md_set_mem_write_en
 .text.md_get_motion_area_rect
                0x0000000020009d5a       0x22 /home/dev/nb1001sdk/nbsdk_tmp_014/libs/lib_zeus.a(isp_md.o)
                0x0000000020009d5a                md_get_motion_area_rect
 .text.md_get_stat_global_ave
                0x0000000020009d7c        0xa /home/dev/nb1001sdk/nbsdk_tmp_014/libs/lib_zeus.a(isp_md.o)
                0x0000000020009d7c                md_get_stat_global_ave
 .text.md_bg_enable
                0x0000000020009d86       0x18 /home/dev/nb1001sdk/nbsdk_tmp_014/libs/lib_zeus.a(isp_md.o)
                0x0000000020009d86                md_bg_enable
 .text.md_init  0x0000000020009d9e      0x1bc /home/dev/nb1001sdk/nbsdk_tmp_014/libs/lib_zeus.a(isp_md.o)
                0x0000000020009d9e                md_init
 .text.debug_enable
                0x0000000020009f5a        0xc /home/dev/nb1001sdk/nbsdk_tmp_014/libs/lib_zeus.a(isp_debug.o)
                0x0000000020009f5a                debug_enable
 .text.debug_enable_logo
                0x0000000020009f66       0x24 /home/dev/nb1001sdk/nbsdk_tmp_014/libs/lib_zeus.a(isp_debug.o)
                0x0000000020009f66                debug_enable_logo
 .text.debug_enable_frame_bcd
                0x0000000020009f8a       0x2a /home/dev/nb1001sdk/nbsdk_tmp_014/libs/lib_zeus.a(isp_debug.o)
                0x0000000020009f8a                debug_enable_frame_bcd
 .text.debug_enable_frame_hex
                0x0000000020009fb4       0x2a /home/dev/nb1001sdk/nbsdk_tmp_014/libs/lib_zeus.a(isp_debug.o)
                0x0000000020009fb4                debug_enable_frame_hex
 .text.debug_set_frame_id
                0x0000000020009fde       0x3c /home/dev/nb1001sdk/nbsdk_tmp_014/libs/lib_zeus.a(isp_debug.o)
                0x0000000020009fde                debug_set_frame_id
 .text.debug_reset_frame_id
                0x000000002000a01a        0xa /home/dev/nb1001sdk/nbsdk_tmp_014/libs/lib_zeus.a(isp_debug.o)
                0x000000002000a01a                debug_reset_frame_id
 .text.debug_enable_color_bar
                0x000000002000a024       0x16 /home/dev/nb1001sdk/nbsdk_tmp_014/libs/lib_zeus.a(isp_debug.o)
                0x000000002000a024                debug_enable_color_bar
 .text.debug_enable_box
                0x000000002000a03a       0x82 /home/dev/nb1001sdk/nbsdk_tmp_014/libs/lib_zeus.a(isp_debug.o)
                0x000000002000a03a                debug_enable_box
 .text.debug_enable_label
                0x000000002000a0bc       0x46 /home/dev/nb1001sdk/nbsdk_tmp_014/libs/lib_zeus.a(isp_debug.o)
                0x000000002000a0bc                debug_enable_label
 .text.debug_init
                0x000000002000a102       0xae /home/dev/nb1001sdk/nbsdk_tmp_014/libs/lib_zeus.a(isp_debug.o)
                0x000000002000a102                debug_init
 .text.debug_get_frame_id_hex
                0x000000002000a1b0        0xa /home/dev/nb1001sdk/nbsdk_tmp_014/libs/lib_zeus.a(isp_debug.o)
                0x000000002000a1b0                debug_get_frame_id_hex
 .text.gamma_init
                0x000000002000a1ba       0x24 /home/dev/nb1001sdk/nbsdk_tmp_014/libs/lib_zeus.a(isp_gamma.o)
                0x000000002000a1ba                gamma_init
 .text.fe_enable
                0x000000002000a1de       0x1a /home/dev/nb1001sdk/nbsdk_tmp_014/libs/lib_zeus.a(isp_fe.o)
 .text.fe_dmac_callback
                0x000000002000a1f8       0x3a /home/dev/nb1001sdk/nbsdk_tmp_014/libs/lib_zeus.a(isp_fe.o)
 .text.fe_calc_wins
                0x000000002000a232       0x84 /home/dev/nb1001sdk/nbsdk_tmp_014/libs/lib_zeus.a(isp_fe.o)
 .text.fe_config_win
                0x000000002000a2b6       0x22 /home/dev/nb1001sdk/nbsdk_tmp_014/libs/lib_zeus.a(isp_fe.o)
 .text.fe_config_mode
                0x000000002000a2d8       0x78 /home/dev/nb1001sdk/nbsdk_tmp_014/libs/lib_zeus.a(isp_fe.o)
 .text.fe_discard_all
                0x000000002000a350       0x2a /home/dev/nb1001sdk/nbsdk_tmp_014/libs/lib_zeus.a(isp_fe.o)
 .text.fe_get_blocks
                0x000000002000a37a       0xaa /home/dev/nb1001sdk/nbsdk_tmp_014/libs/lib_zeus.a(isp_fe.o)
 .text.fe_reorder_block_fe
                0x000000002000a424       0x7c /home/dev/nb1001sdk/nbsdk_tmp_014/libs/lib_zeus.a(isp_fe.o)
 .text.fe_bi2_to_u8
                0x000000002000a4a0       0x1c /home/dev/nb1001sdk/nbsdk_tmp_014/libs/lib_zeus.a(isp_fe.o)
 .text.fe_reorder_block_quat4
                0x000000002000a4bc      0x41c /home/dev/nb1001sdk/nbsdk_tmp_014/libs/lib_zeus.a(isp_fe.o)
 .text.fe_bi8_to_u8
                0x000000002000a8d8       0x16 /home/dev/nb1001sdk/nbsdk_tmp_014/libs/lib_zeus.a(isp_fe.o)
 .text.fe_reorder_block_quat2
                0x000000002000a8ee       0x92 /home/dev/nb1001sdk/nbsdk_tmp_014/libs/lib_zeus.a(isp_fe.o)
 .text.fe_reorder_block_scaler
                0x000000002000a980       0x7c /home/dev/nb1001sdk/nbsdk_tmp_014/libs/lib_zeus.a(isp_fe.o)
 .text.fe_switch_buffer
                0x000000002000a9fc       0xc8 /home/dev/nb1001sdk/nbsdk_tmp_014/libs/lib_zeus.a(isp_fe.o)
 .text.fe_start
                0x000000002000aac4       0xb8 /home/dev/nb1001sdk/nbsdk_tmp_014/libs/lib_zeus.a(isp_fe.o)
                0x000000002000aac4                fe_start
 .text.fe_stop  0x000000002000ab7c       0x4e /home/dev/nb1001sdk/nbsdk_tmp_014/libs/lib_zeus.a(isp_fe.o)
                0x000000002000ab7c                fe_stop
 .text.fe_init_full.part.0.constprop.3
                0x000000002000abca      0x160 /home/dev/nb1001sdk/nbsdk_tmp_014/libs/lib_zeus.a(isp_fe.o)
 .text.fe_init  0x000000002000ad2a       0x1e /home/dev/nb1001sdk/nbsdk_tmp_014/libs/lib_zeus.a(isp_fe.o)
                0x000000002000ad2a                fe_init
 .text.fe_change_win
                0x000000002000ad48       0xae /home/dev/nb1001sdk/nbsdk_tmp_014/libs/lib_zeus.a(isp_fe.o)
                0x000000002000ad48                fe_change_win
 .text.fe_get_buffer
                0x000000002000adf6       0x3a /home/dev/nb1001sdk/nbsdk_tmp_014/libs/lib_zeus.a(isp_fe.o)
                0x000000002000adf6                fe_get_buffer
 .text.fe_put_buffer
                0x000000002000ae30       0x48 /home/dev/nb1001sdk/nbsdk_tmp_014/libs/lib_zeus.a(isp_fe.o)
                0x000000002000ae30                fe_put_buffer
 .text.fe_quat_adaptive_threshold
                0x000000002000ae78        0x2 /home/dev/nb1001sdk/nbsdk_tmp_014/libs/lib_zeus.a(isp_fe.o)
                0x000000002000ae78                fe_quat_adaptive_threshold
 .text.fe_int_handler
                0x000000002000ae7a      0x27e /home/dev/nb1001sdk/nbsdk_tmp_014/libs/lib_zeus.a(isp_fe.o)
 .text.fe_check_result
                0x000000002000b0f8      0x1b2 /home/dev/nb1001sdk/nbsdk_tmp_014/libs/lib_zeus.a(isp_fe.o)
                0x000000002000b0f8                fe_check_result
 .text.fe_reorder_result
                0x000000002000b2aa      0x1ea /home/dev/nb1001sdk/nbsdk_tmp_014/libs/lib_zeus.a(isp_fe.o)
                0x000000002000b2aa                fe_reorder_result
 .text.sf_read_xstatus
                0x000000002000b494       0x2e /home/dev/nb1001sdk/nbsdk_tmp_014/libs/lib_zeus.a(spi_flash.o)
 .text.sf_addr  0x000000002000b4c2       0x42 /home/dev/nb1001sdk/nbsdk_tmp_014/libs/lib_zeus.a(spi_flash.o)
 .text.sf_read_id.part.1
                0x000000002000b504       0x2c /home/dev/nb1001sdk/nbsdk_tmp_014/libs/lib_zeus.a(spi_flash.o)
 .text.jedec_probe.constprop.2
                0x000000002000b530       0x46 /home/dev/nb1001sdk/nbsdk_tmp_014/libs/lib_zeus.a(spi_flash.o)
 .text.sf_read_id
                0x000000002000b576       0x58 /home/dev/nb1001sdk/nbsdk_tmp_014/libs/lib_zeus.a(spi_flash.o)
                0x000000002000b576                sf_read_id
 .text.sf_read_sr
                0x000000002000b5ce       0x26 /home/dev/nb1001sdk/nbsdk_tmp_014/libs/lib_zeus.a(spi_flash.o)
                0x000000002000b5ce                sf_read_sr
 .text.sf_wait_ready
                0x000000002000b5f4       0x4a /home/dev/nb1001sdk/nbsdk_tmp_014/libs/lib_zeus.a(spi_flash.o)
                0x000000002000b5f4                sf_wait_ready
 .text.sf_init_extra
                0x000000002000b63e        0x2 /home/dev/nb1001sdk/nbsdk_tmp_014/libs/lib_zeus.a(spi_flash.o)
                0x000000002000b63e                sf_init_extra
 .text.sf_config_speed
                0x000000002000b640       0x10 /home/dev/nb1001sdk/nbsdk_tmp_014/libs/lib_zeus.a(spi_flash.o)
                0x000000002000b640                sf_config_speed
 .text.sf_config_flash_mode
                0x000000002000b650      0x17c /home/dev/nb1001sdk/nbsdk_tmp_014/libs/lib_zeus.a(spi_flash.o)
                0x000000002000b650                sf_config_flash_mode
 .text.sf_init  0x000000002000b7cc      0x310 /home/dev/nb1001sdk/nbsdk_tmp_014/libs/lib_zeus.a(spi_flash.o)
                0x000000002000b7cc                sf_init
 .text.sf_read  0x000000002000badc       0xde /home/dev/nb1001sdk/nbsdk_tmp_014/libs/lib_zeus.a(spi_flash.o)
                0x000000002000badc                sf_read
 .text.pin_no_to_pwm
                0x000000002000bbba       0x10 /home/dev/nb1001sdk/nbsdk_tmp_014/libs/lib_zeus.a(pwm.o)
                0x000000002000bbba                pin_no_to_pwm
 .text.pwm_init
                0x000000002000bbca       0x38 /home/dev/nb1001sdk/nbsdk_tmp_014/libs/lib_zeus.a(pwm.o)
                0x000000002000bbca                pwm_init
 .text.pwm_enable
                0x000000002000bc02       0x40 /home/dev/nb1001sdk/nbsdk_tmp_014/libs/lib_zeus.a(pwm.o)
                0x000000002000bc02                pwm_enable
 .text.pwm_set_repeat
                0x000000002000bc42       0x2a /home/dev/nb1001sdk/nbsdk_tmp_014/libs/lib_zeus.a(pwm.o)
                0x000000002000bc42                pwm_set_repeat
 .text.pwm_get_status
                0x000000002000bc6c       0x28 /home/dev/nb1001sdk/nbsdk_tmp_014/libs/lib_zeus.a(pwm.o)
                0x000000002000bc6c                pwm_get_status
 .text.pwm_set_peroid
                0x000000002000bc94       0x26 /home/dev/nb1001sdk/nbsdk_tmp_014/libs/lib_zeus.a(pwm.o)
                0x000000002000bc94                pwm_set_peroid
 .text.pwm_set_sample
                0x000000002000bcba       0x24 /home/dev/nb1001sdk/nbsdk_tmp_014/libs/lib_zeus.a(pwm.o)
                0x000000002000bcba                pwm_set_sample
 .text.pwm_get_fifo_available
                0x000000002000bcde       0x2e /home/dev/nb1001sdk/nbsdk_tmp_014/libs/lib_zeus.a(pwm.o)
                0x000000002000bcde                pwm_get_fifo_available
 .text.pwm_wait_fifo_empty
                0x000000002000bd0c       0x34 /home/dev/nb1001sdk/nbsdk_tmp_014/libs/lib_zeus.a(pwm.o)
                0x000000002000bd0c                pwm_wait_fifo_empty
 .text.vListInitialise
                0x000000002000bd40       0x14 /home/dev/nb1001sdk/nbsdk_tmp_014/libs/lib_zeus.a(list.o)
                0x000000002000bd40                vListInitialise
 .text.vListInitialiseItem
                0x000000002000bd54        0x6 /home/dev/nb1001sdk/nbsdk_tmp_014/libs/lib_zeus.a(list.o)
                0x000000002000bd54                vListInitialiseItem
 .text.vListInsertEnd
                0x000000002000bd5a       0x18 /home/dev/nb1001sdk/nbsdk_tmp_014/libs/lib_zeus.a(list.o)
                0x000000002000bd5a                vListInsertEnd
 .text.vListInsert
                0x000000002000bd72       0x2c /home/dev/nb1001sdk/nbsdk_tmp_014/libs/lib_zeus.a(list.o)
                0x000000002000bd72                vListInsert
 .text.uxListRemove
                0x000000002000bd9e       0x26 /home/dev/nb1001sdk/nbsdk_tmp_014/libs/lib_zeus.a(list.o)
                0x000000002000bd9e                uxListRemove
 .text.print_exception_epc
                0x000000002000bdc4       0x10 /home/dev/nb1001sdk/nbsdk_tmp_014/libs/lib_zeus.a(utils.o)
                0x000000002000bdc4                print_exception_epc
 .text.intToBcd
                0x000000002000bdd4       0x5a /home/dev/nb1001sdk/nbsdk_tmp_014/libs/lib_zeus.a(utils.o)
                0x000000002000bdd4                intToBcd
 .text.audio_playback_action
                0x000000002000be2e       0x32 /home/dev/nb1001sdk/nbsdk_tmp_014/libs/lib_zeus.a(audio_playback_core.o)
 .text.audio_playback_task_producer
                0x000000002000be60      0x2dc /home/dev/nb1001sdk/nbsdk_tmp_014/libs/lib_zeus.a(audio_playback_core.o)
 .text.audio_playback_resize_convert_buf
                0x000000002000c13c       0x40 /home/dev/nb1001sdk/nbsdk_tmp_014/libs/lib_zeus.a(audio_playback_core.o)
 .text.wav_hdr_check
                0x000000002000c17c      0x158 /home/dev/nb1001sdk/nbsdk_tmp_014/libs/lib_zeus.a(audio_playback_core.o)
                0x000000002000c17c                wav_hdr_check
 .text.wav_hdr_check_data
                0x000000002000c2d4       0x2e /home/dev/nb1001sdk/nbsdk_tmp_014/libs/lib_zeus.a(audio_playback_core.o)
                0x000000002000c2d4                wav_hdr_check_data
 .text.audio_playback_init_pwm
                0x000000002000c302       0x8c /home/dev/nb1001sdk/nbsdk_tmp_014/libs/lib_zeus.a(audio_playback_core.o)
                0x000000002000c302                audio_playback_init_pwm
 .text.audio_playback_play_over
                0x000000002000c38e        0x2 /home/dev/nb1001sdk/nbsdk_tmp_014/libs/lib_zeus.a(audio_playback_core.o)
                0x000000002000c38e                audio_playback_play_over
 .text.audio_playback_task_playback
                0x000000002000c390      0x118 /home/dev/nb1001sdk/nbsdk_tmp_014/libs/lib_zeus.a(audio_playback_core.o)
 .text.audio_playback_exit
                0x000000002000c4a8       0x7c /home/dev/nb1001sdk/nbsdk_tmp_014/libs/lib_zeus.a(audio_playback_core.o)
                0x000000002000c4a8                audio_playback_exit
 .text.audio_playback_init
                0x000000002000c524      0x13e /home/dev/nb1001sdk/nbsdk_tmp_014/libs/lib_zeus.a(audio_playback_core.o)
                0x000000002000c524                audio_playback_init
 .text.audio_playback_wait_play_over
                0x000000002000c662       0x2a /home/dev/nb1001sdk/nbsdk_tmp_014/libs/lib_zeus.a(audio_playback_core.o)
                0x000000002000c662                audio_playback_wait_play_over
 .text.audio_playback_start
                0x000000002000c68c       0x20 /home/dev/nb1001sdk/nbsdk_tmp_014/libs/lib_zeus.a(audio_playback_core.o)
                0x000000002000c68c                audio_playback_start
 .text.audio_playback_set_producer_src
                0x000000002000c6ac       0x3c /home/dev/nb1001sdk/nbsdk_tmp_014/libs/lib_zeus.a(audio_playback_core.o)
                0x000000002000c6ac                audio_playback_set_producer_src
 .text.audio_playback_init_fmt
                0x000000002000c6e8      0x110 /home/dev/nb1001sdk/nbsdk_tmp_014/libs/lib_zeus.a(audio_playback_core.o)
                0x000000002000c6e8                audio_playback_init_fmt
 .text.core1_entry
                0x000000002000c7f8       0x20 /home/dev/nb1001sdk/nbsdk_tmp_014/libs/lib_zeus.a(core1.o)
                0x000000002000c7f8                core1_entry
 .text.qspi_set_tmode
                0x000000002000c818       0x12 /home/dev/nb1001sdk/nbsdk_tmp_014/libs/lib_zeus.a(qspi.o)
 .text.qspi_set_addr_len
                0x000000002000c82a       0x1a /home/dev/nb1001sdk/nbsdk_tmp_014/libs/lib_zeus.a(qspi.o)
 .text.qspi_enable_dma
                0x000000002000c844       0x18 /home/dev/nb1001sdk/nbsdk_tmp_014/libs/lib_zeus.a(qspi.o)
 .text.qspi_cs_active
                0x000000002000c85c       0x28 /home/dev/nb1001sdk/nbsdk_tmp_014/libs/lib_zeus.a(qspi.o)
 .text.qspi_send_fifo
                0x000000002000c884       0x1e /home/dev/nb1001sdk/nbsdk_tmp_014/libs/lib_zeus.a(qspi.o)
 .text.qspi_rx_data
                0x000000002000c8a2       0x34 /home/dev/nb1001sdk/nbsdk_tmp_014/libs/lib_zeus.a(qspi.o)
 .text.qspi_init_extra
                0x000000002000c8d6        0x2 /home/dev/nb1001sdk/nbsdk_tmp_014/libs/lib_zeus.a(qspi.o)
                0x000000002000c8d6                qspi_init_extra
 .text.qspi_set_speed
                0x000000002000c8d8       0x4e /home/dev/nb1001sdk/nbsdk_tmp_014/libs/lib_zeus.a(qspi.o)
                0x000000002000c8d8                qspi_set_speed
 .text.qspi_init
                0x000000002000c926      0x148 /home/dev/nb1001sdk/nbsdk_tmp_014/libs/lib_zeus.a(qspi.o)
                0x000000002000c926                qspi_init
 .text.qspi_set_mode
                0x000000002000ca6e       0x1c /home/dev/nb1001sdk/nbsdk_tmp_014/libs/lib_zeus.a(qspi.o)
                0x000000002000ca6e                qspi_set_mode
 .text.qspi_set_trans_type
                0x000000002000ca8a       0x20 /home/dev/nb1001sdk/nbsdk_tmp_014/libs/lib_zeus.a(qspi.o)
                0x000000002000ca8a                qspi_set_trans_type
 .text.qspi_set_wait_cycles
                0x000000002000caaa       0x20 /home/dev/nb1001sdk/nbsdk_tmp_014/libs/lib_zeus.a(qspi.o)
                0x000000002000caaa                qspi_set_wait_cycles
 .text.qspi_cmd_send_recv
                0x000000002000caca       0xfe /home/dev/nb1001sdk/nbsdk_tmp_014/libs/lib_zeus.a(qspi.o)
                0x000000002000caca                qspi_cmd_send_recv
 .text.qspi_data_send_recv
                0x000000002000cbc8      0x266 /home/dev/nb1001sdk/nbsdk_tmp_014/libs/lib_zeus.a(qspi.o)
                0x000000002000cbc8                qspi_data_send_recv
 .text.i2s_set_samplerate
                0x000000002000ce2e       0xc6 /home/dev/nb1001sdk/nbsdk_tmp_014/libs/lib_zeus.a(i2s.o)
                0x000000002000ce2e                i2s_set_samplerate
 .text.i2s_init
                0x000000002000cef4       0xc2 /home/dev/nb1001sdk/nbsdk_tmp_014/libs/lib_zeus.a(i2s.o)
                0x000000002000cef4                i2s_init
 .text.i2s_init_playback
                0x000000002000cfb6       0x5a /home/dev/nb1001sdk/nbsdk_tmp_014/libs/lib_zeus.a(i2s.o)
                0x000000002000cfb6                i2s_init_playback
 .text.i2s_get_tx_base
                0x000000002000d010        0xa /home/dev/nb1001sdk/nbsdk_tmp_014/libs/lib_zeus.a(i2s.o)
                0x000000002000d010                i2s_get_tx_base
 .text.audio_buffer_release
                0x000000002000d01a       0x4e /home/dev/nb1001sdk/nbsdk_tmp_014/libs/lib_zeus.a(audio_buffer.o)
                0x000000002000d01a                audio_buffer_release
 .text.audio_buffer_init
                0x000000002000d068      0x10c /home/dev/nb1001sdk/nbsdk_tmp_014/libs/lib_zeus.a(audio_buffer.o)
                0x000000002000d068                audio_buffer_init
 .text.audio_buffer_get_idle
                0x000000002000d174       0x44 /home/dev/nb1001sdk/nbsdk_tmp_014/libs/lib_zeus.a(audio_buffer.o)
                0x000000002000d174                audio_buffer_get_idle
 .text.audio_buffer_get_ready_number
                0x000000002000d1b8        0x6 /home/dev/nb1001sdk/nbsdk_tmp_014/libs/lib_zeus.a(audio_buffer.o)
                0x000000002000d1b8                audio_buffer_get_ready_number
 .text.audio_buffer_get_ready
                0x000000002000d1be       0x44 /home/dev/nb1001sdk/nbsdk_tmp_014/libs/lib_zeus.a(audio_buffer.o)
                0x000000002000d1be                audio_buffer_get_ready
 .text.audio_buffer_put_ready
                0x000000002000d202       0x48 /home/dev/nb1001sdk/nbsdk_tmp_014/libs/lib_zeus.a(audio_buffer.o)
                0x000000002000d202                audio_buffer_put_ready
 .text.audio_buffer_put_idle
                0x000000002000d24a       0x48 /home/dev/nb1001sdk/nbsdk_tmp_014/libs/lib_zeus.a(audio_buffer.o)
                0x000000002000d24a                audio_buffer_put_idle
 .text.audio_buffer_exit_pending
                0x000000002000d292       0x2a /home/dev/nb1001sdk/nbsdk_tmp_014/libs/lib_zeus.a(audio_buffer.o)
                0x000000002000d292                audio_buffer_exit_pending
 .text.audio_convert_pcm_gain
                0x000000002000d2bc       0x2e /home/dev/nb1001sdk/nbsdk_tmp_014/libs/lib_zeus.a(audio_convert.o)
 .text.audio_convert_pcm8_to_pwm
                0x000000002000d2ea       0x92 /home/dev/nb1001sdk/nbsdk_tmp_014/libs/lib_zeus.a(audio_convert.o)
                0x000000002000d2ea                audio_convert_pcm8_to_pwm
 .text.audio_convert_pcm16_to_pwm
                0x000000002000d37c       0xb0 /home/dev/nb1001sdk/nbsdk_tmp_014/libs/lib_zeus.a(audio_convert.o)
                0x000000002000d37c                audio_convert_pcm16_to_pwm
 .text.audio_convert_pcm8_to_pcm16
                0x000000002000d42c      0x104 /home/dev/nb1001sdk/nbsdk_tmp_014/libs/lib_zeus.a(audio_convert.o)
                0x000000002000d42c                audio_convert_pcm8_to_pcm16
 .text.audio_convert_pcm16_to_pcm16
                0x000000002000d530       0xf8 /home/dev/nb1001sdk/nbsdk_tmp_014/libs/lib_zeus.a(audio_convert.o)
                0x000000002000d530                audio_convert_pcm16_to_pcm16
 .text.audio_convert_mp3_to_pwm
                0x000000002000d628       0x50 /home/dev/nb1001sdk/nbsdk_tmp_014/libs/lib_zeus.a(audio_convert.o)
                0x000000002000d628                audio_convert_mp3_to_pwm
 .text.audio_convert_mp3_to_pcm16
                0x000000002000d678       0x50 /home/dev/nb1001sdk/nbsdk_tmp_014/libs/lib_zeus.a(audio_convert.o)
                0x000000002000d678                audio_convert_mp3_to_pcm16
 .text.riscv_inv_sqrt_f32
                0x000000002000d6c8       0x48 /home/dev/nb1001sdk/nbsdk_tmp_014/libs/lib_dsp.a(riscv_sqrt_f32.o)
                0x000000002000d6c8                riscv_inv_sqrt_f32
 .text.exit     0x000000002000d710       0x14 /home/dev/nb1001sdk/nbsdk_tmp_014/libs/lib_clib.a(stdlib.o)
                0x000000002000d710                exit
 .text.malloc   0x000000002000d724        0x4 /home/dev/nb1001sdk/nbsdk_tmp_014/libs/lib_clib.a(stdlib.o)
                0x000000002000d724                malloc
 .text.free     0x000000002000d728        0x4 /home/dev/nb1001sdk/nbsdk_tmp_014/libs/lib_clib.a(stdlib.o)
                0x000000002000d728                free
 .text.realloc  0x000000002000d72c       0x54 /home/dev/nb1001sdk/nbsdk_tmp_014/libs/lib_clib.a(stdlib.o)
                0x000000002000d72c                realloc
 .text.check_print_buffer
                0x000000002000d780       0x16 /home/dev/nb1001sdk/nbsdk_tmp_014/libs/lib_clib.a(stdio.o)
 .text.printnum
                0x000000002000d796       0xc2 /home/dev/nb1001sdk/nbsdk_tmp_014/libs/lib_clib.a(stdio.o)
 .text.console_io_unlock
                0x000000002000d858       0x32 /home/dev/nb1001sdk/nbsdk_tmp_014/libs/lib_clib.a(stdio.o)
 .text.putchar  0x000000002000d88a       0x68 /home/dev/nb1001sdk/nbsdk_tmp_014/libs/lib_clib.a(stdio.o)
                0x000000002000d88a                putchar
 .text.console_io_lock
                0x000000002000d8f2       0x2e /home/dev/nb1001sdk/nbsdk_tmp_014/libs/lib_clib.a(stdio.o)
 .text.vFormatPrintString
                0x000000002000d920      0x3c8 /home/dev/nb1001sdk/nbsdk_tmp_014/libs/lib_clib.a(stdio.o)
 .text.console_io_init
                0x000000002000dce8       0x40 /home/dev/nb1001sdk/nbsdk_tmp_014/libs/lib_clib.a(stdio.o)
                0x000000002000dce8                console_io_init
 .text.puts     0x000000002000dd28       0x2c /home/dev/nb1001sdk/nbsdk_tmp_014/libs/lib_clib.a(stdio.o)
                0x000000002000dd28                puts
 .text.printf   0x000000002000dd54       0x3e /home/dev/nb1001sdk/nbsdk_tmp_014/libs/lib_clib.a(stdio.o)
                0x000000002000dd54                printf
 *(.lit)
 *(.shdata)
 *(.rodata)
 *fill*         0x000000002000dd92        0x2 
 .rodata        0x000000002000dd94       0x3c /home/dev/nb1001sdk/toolchains/riscv-toolchain/bin/../lib/gcc/riscv32-unknown-elf/7.1.1/libgcc.a(divdf3.o)
 .rodata        0x000000002000ddd0       0x3c /home/dev/nb1001sdk/toolchains/riscv-toolchain/bin/../lib/gcc/riscv32-unknown-elf/7.1.1/libgcc.a(muldf3.o)
 .rodata        0x000000002000de0c       0x3c /home/dev/nb1001sdk/toolchains/riscv-toolchain/bin/../lib/gcc/riscv32-unknown-elf/7.1.1/libgcc.a(mulsf3.o)
 .rodata        0x000000002000de48      0x100 /home/dev/nb1001sdk/toolchains/riscv-toolchain/bin/../lib/gcc/riscv32-unknown-elf/7.1.1/libgcc.a(_clz.o)
                0x000000002000de48                __clz_tab
 *(.rodata.*)
 .rodata.detect_win.str1.4
                0x000000002000df48        0x4 /home/dev/nb1001sdk/nbsdk_tmp_014/examples/hcg_face/build/test.o
 .rodata.keypad_handler.str1.4
                0x000000002000df4c       0x28 /home/dev/nb1001sdk/nbsdk_tmp_014/examples/hcg_face/build/test.o
 .rodata.main.str1.4
                0x000000002000df74       0x86 /home/dev/nb1001sdk/nbsdk_tmp_014/examples/hcg_face/build/test.o
 *fill*         0x000000002000dffa        0x2 
 .rodata.plan_para_init.str1.4
                0x000000002000dffc       0x61 /home/dev/nb1001sdk/nbsdk_tmp_014/examples/hcg_face/build/test.o
 *fill*         0x000000002000e05d        0x3 
 .rodata.dataflash_type
                0x000000002000e060      0x1c0 /home/dev/nb1001sdk/nbsdk_tmp_014/build//home/dev/nb1001sdk/nbsdk_tmp_014/applications/common/flash_info.o
                0x000000002000e060                dataflash_type
 .rodata.str1.4
                0x000000002000e220       0xfd /home/dev/nb1001sdk/nbsdk_tmp_014/build//home/dev/nb1001sdk/nbsdk_tmp_014/applications/common/flash_info.o
 *fill*         0x000000002000e31d        0x3 
 .rodata.board_sensor_init.str1.4
                0x000000002000e320       0x11 /home/dev/nb1001sdk/nbsdk_tmp_014/build//home/dev/nb1001sdk/nbsdk_tmp_014/applications/common/board_EVALBOARD.o
 *fill*         0x000000002000e331        0x3 
 .rodata.bsp_init.str1.4
                0x000000002000e334       0x11 /home/dev/nb1001sdk/nbsdk_tmp_014/build//home/dev/nb1001sdk/nbsdk_tmp_014/applications/common/board_EVALBOARD.o
 *fill*         0x000000002000e345        0x3 
 .rodata.cv_detect_set_feature
                0x000000002000e348       0x38 /home/dev/nb1001sdk/nbsdk_tmp_014/libs/lib_cv.a(cv_framework.o)
 .rodata.cv_start_detect_task.str1.4
                0x000000002000e380       0x1c /home/dev/nb1001sdk/nbsdk_tmp_014/libs/lib_cv.a(framework_detect.o)
 .rodata.vTaskDetect.str1.4
                0x000000002000e39c       0x35 /home/dev/nb1001sdk/nbsdk_tmp_014/libs/lib_cv.a(framework_detect.o)
 *fill*         0x000000002000e3d1        0x3 
 .rodata.cv_start_motion_task.str1.4
                0x000000002000e3d4       0x20 /home/dev/nb1001sdk/nbsdk_tmp_014/libs/lib_cv.a(framework_motion.o)
 .rodata.vTaskMotion.str1.4
                0x000000002000e3f4       0x35 /home/dev/nb1001sdk/nbsdk_tmp_014/libs/lib_cv.a(framework_motion.o)
 *fill*         0x000000002000e429        0x3 
 .rodata.cv_start_frame_task.str1.4
                0x000000002000e42c       0x22 /home/dev/nb1001sdk/nbsdk_tmp_014/libs/lib_cv.a(framework_frame.o)
 *fill*         0x000000002000e44e        0x2 
 .rodata.vTaskFrameEnd.str1.4
                0x000000002000e450       0x37 /home/dev/nb1001sdk/nbsdk_tmp_014/libs/lib_cv.a(framework_frame.o)
 *fill*         0x000000002000e487        0x1 
 .rodata.cv_Normalize1D_fixed.cst4
                0x000000002000e488        0x4 /home/dev/nb1001sdk/nbsdk_tmp_014/libs/lib_cv.a(cv_norm.o)
 .rodata.prvNotifyQueueSetContainer.str1.4
                0x000000002000e48c       0x93 /home/dev/nb1001sdk/nbsdk_tmp_014/libs/lib_zeus.a(queue.o)
 *fill*         0x000000002000e51f        0x1 
 .rodata.uxQueueMessagesWaiting.str1.4
                0x000000002000e520        0x7 /home/dev/nb1001sdk/nbsdk_tmp_014/libs/lib_zeus.a(queue.o)
 *fill*         0x000000002000e527        0x1 
 .rodata.xQueueCreateCountingSemaphoreStatic.str1.4
                0x000000002000e528       0x2d /home/dev/nb1001sdk/nbsdk_tmp_014/libs/lib_zeus.a(queue.o)
 *fill*         0x000000002000e555        0x3 
 .rodata.xQueueGenericCreateStatic.str1.4
                0x000000002000e558       0xc7 /home/dev/nb1001sdk/nbsdk_tmp_014/libs/lib_zeus.a(queue.o)
 *fill*         0x000000002000e61f        0x1 
 .rodata.xQueueGenericReset.str1.4
                0x000000002000e620        0x8 /home/dev/nb1001sdk/nbsdk_tmp_014/libs/lib_zeus.a(queue.o)
 .rodata.xQueueGenericSend.str1.4
                0x000000002000e628       0xee /home/dev/nb1001sdk/nbsdk_tmp_014/libs/lib_zeus.a(queue.o)
 *fill*         0x000000002000e716        0x2 
 .rodata.xQueueGiveFromISR.str1.4
                0x000000002000e718       0x83 /home/dev/nb1001sdk/nbsdk_tmp_014/libs/lib_zeus.a(queue.o)
 *fill*         0x000000002000e79b        0x1 
 .rodata.xQueueReceive.str1.4
                0x000000002000e79c       0x5f /home/dev/nb1001sdk/nbsdk_tmp_014/libs/lib_zeus.a(queue.o)
 *fill*         0x000000002000e7fb        0x1 
 .rodata.xQueueReceiveFromISR.str1.4
                0x000000002000e7fc       0x4b /home/dev/nb1001sdk/nbsdk_tmp_014/libs/lib_zeus.a(queue.o)
 *fill*         0x000000002000e847        0x1 
 .rodata.xQueueSemaphoreTake.str1.4
                0x000000002000e848       0x20 /home/dev/nb1001sdk/nbsdk_tmp_014/libs/lib_zeus.a(queue.o)
 .rodata.prvDeleteTCB.str1.4
                0x000000002000e868       0x46 /home/dev/nb1001sdk/nbsdk_tmp_014/libs/lib_zeus.a(tasks.o)
 *fill*         0x000000002000e8ae        0x2 
 .rodata.prvInitialiseNewTask.isra.2.str1.4
                0x000000002000e8b0        0x7 /home/dev/nb1001sdk/nbsdk_tmp_014/libs/lib_zeus.a(tasks.o)
 *fill*         0x000000002000e8b7        0x1 
 .rodata.prvTaskIsTaskSuspended.str1.4
                0x000000002000e8b8       0x3e /home/dev/nb1001sdk/nbsdk_tmp_014/libs/lib_zeus.a(tasks.o)
 *fill*         0x000000002000e8f6        0x2 
 .rodata.vTaskDelete.str1.4
                0x000000002000e8f8       0x1a /home/dev/nb1001sdk/nbsdk_tmp_014/libs/lib_zeus.a(tasks.o)
 *fill*         0x000000002000e912        0x2 
 .rodata.vTaskPlaceOnEventList.str1.4
                0x000000002000e914        0xc /home/dev/nb1001sdk/nbsdk_tmp_014/libs/lib_zeus.a(tasks.o)
 .rodata.vTaskPriorityDisinheritAfterTimeout.str1.4
                0x000000002000e920       0x16 /home/dev/nb1001sdk/nbsdk_tmp_014/libs/lib_zeus.a(tasks.o)
 *fill*         0x000000002000e936        0x2 
 .rodata.vTaskSetTimeOutState.str1.4
                0x000000002000e938        0xa /home/dev/nb1001sdk/nbsdk_tmp_014/libs/lib_zeus.a(tasks.o)
 *fill*         0x000000002000e942        0x2 
 .rodata.vTaskStartScheduler.str1.4
                0x000000002000e944       0x39 /home/dev/nb1001sdk/nbsdk_tmp_014/libs/lib_zeus.a(tasks.o)
 *fill*         0x000000002000e97d        0x3 
 .rodata.vTaskSwitchContext.str1.4
                0x000000002000e980        0xe /home/dev/nb1001sdk/nbsdk_tmp_014/libs/lib_zeus.a(tasks.o)
 *fill*         0x000000002000e98e        0x2 
 .rodata.xTaskCheckForTimeOut.str1.4
                0x000000002000e990        0xe /home/dev/nb1001sdk/nbsdk_tmp_014/libs/lib_zeus.a(tasks.o)
 *fill*         0x000000002000e99e        0x2 
 .rodata.xTaskCreateStatic.str1.4
                0x000000002000e9a0       0x49 /home/dev/nb1001sdk/nbsdk_tmp_014/libs/lib_zeus.a(tasks.o)
 *fill*         0x000000002000e9e9        0x3 
 .rodata.xTaskIncrementTick.str1.4
                0x000000002000e9ec       0x2b /home/dev/nb1001sdk/nbsdk_tmp_014/libs/lib_zeus.a(tasks.o)
 *fill*         0x000000002000ea17        0x1 
 .rodata.xTaskPriorityDisinherit.str1.4
                0x000000002000ea18       0x2d /home/dev/nb1001sdk/nbsdk_tmp_014/libs/lib_zeus.a(tasks.o)
 *fill*         0x000000002000ea45        0x3 
 .rodata.xTaskRemoveFromEventList.str1.4
                0x000000002000ea48        0xf /home/dev/nb1001sdk/nbsdk_tmp_014/libs/lib_zeus.a(tasks.o)
 *fill*         0x000000002000ea57        0x1 
 .rodata.xTaskResumeAll.str1.4
                0x000000002000ea58       0x15 /home/dev/nb1001sdk/nbsdk_tmp_014/libs/lib_zeus.a(tasks.o)
 *fill*         0x000000002000ea6d        0x3 
 .rodata.prvSwitchTimerLists.str1.4
                0x000000002000ea70        0x8 /home/dev/nb1001sdk/nbsdk_tmp_014/libs/lib_zeus.a(timers.o)
 .rodata.prvTimerTask.str1.4
                0x000000002000ea78       0x25 /home/dev/nb1001sdk/nbsdk_tmp_014/libs/lib_zeus.a(timers.o)
 *fill*         0x000000002000ea9d        0x3 
 .rodata.xTimerCreate.str1.4
                0x000000002000eaa0       0x1c /home/dev/nb1001sdk/nbsdk_tmp_014/libs/lib_zeus.a(timers.o)
 .rodata.xTimerCreateTimerTask.str1.4
                0x000000002000eabc       0x47 /home/dev/nb1001sdk/nbsdk_tmp_014/libs/lib_zeus.a(timers.o)
 *fill*         0x000000002000eb03        0x1 
 .rodata.xTimerGenericCommand.str1.4
                0x000000002000eb04        0x7 /home/dev/nb1001sdk/nbsdk_tmp_014/libs/lib_zeus.a(timers.o)
 *fill*         0x000000002000eb0b        0x1 
 .rodata.pvPortMalloc.str1.4
                0x000000002000eb0c       0x50 /home/dev/nb1001sdk/nbsdk_tmp_014/libs/lib_zeus.a(heap_5.o)
 .rodata.vPortDefineHeapRegions.str1.4
                0x000000002000eb5c       0x4b /home/dev/nb1001sdk/nbsdk_tmp_014/libs/lib_zeus.a(heap_5.o)
 *fill*         0x000000002000eba7        0x1 
 .rodata.vPortFree.str1.4
                0x000000002000eba8       0x54 /home/dev/nb1001sdk/nbsdk_tmp_014/libs/lib_zeus.a(heap_5.o)
 .rodata.driver_init.str1.4
                0x000000002000ebfc       0x51 /home/dev/nb1001sdk/nbsdk_tmp_014/libs/lib_zeus.a(system_zeus.o)
 *fill*         0x000000002000ec4d        0x3 
 .rodata.osmain.str1.4
                0x000000002000ec50       0x21 /home/dev/nb1001sdk/nbsdk_tmp_014/libs/lib_zeus.a(system_zeus.o)
 *fill*         0x000000002000ec71        0x3 
 .rodata.reboot.str1.4
                0x000000002000ec74        0x7 /home/dev/nb1001sdk/nbsdk_tmp_014/libs/lib_zeus.a(system_zeus.o)
 *fill*         0x000000002000ec7b        0x1 
 .rodata.set_reboot_fw.str1.4
                0x000000002000ec7c       0x18 /home/dev/nb1001sdk/nbsdk_tmp_014/libs/lib_zeus.a(system_zeus.o)
 .rodata.system_init.str1.4
                0x000000002000ec94       0x40 /home/dev/nb1001sdk/nbsdk_tmp_014/libs/lib_zeus.a(system_zeus.o)
 .rodata.vApplicationStackOverflowHook.str1.4
                0x000000002000ecd4       0x21 /home/dev/nb1001sdk/nbsdk_tmp_014/libs/lib_zeus.a(system_zeus.o)
 *fill*         0x000000002000ecf5        0x3 
 .rodata.vPrvAssertFailed.str1.4
                0x000000002000ecf8       0x29 /home/dev/nb1001sdk/nbsdk_tmp_014/libs/lib_zeus.a(system_zeus.o)
 *fill*         0x000000002000ed21        0x3 
 .rodata.led_config_timer.str1.4
                0x000000002000ed24       0x43 /home/dev/nb1001sdk/nbsdk_tmp_014/libs/lib_zeus.a(led.o)
 *fill*         0x000000002000ed67        0x1 
 .rodata.audio_play_id.str1.4
                0x000000002000ed68       0x8b /home/dev/nb1001sdk/nbsdk_tmp_014/libs/lib_zeus.a(audio_api.o)
 *fill*         0x000000002000edf3        0x5 
 .rodata.internal_sensor_fps_init.cst8
                0x000000002000edf8        0x8 /home/dev/nb1001sdk/nbsdk_tmp_014/libs/lib_zeus.a(sensor_internal.o)
 .rodata.internal_sensor_fps_init.str1.4
                0x000000002000ee00       0xd4 /home/dev/nb1001sdk/nbsdk_tmp_014/libs/lib_zeus.a(sensor_internal.o)
 .rodata.gpio_key_enable.str1.4
                0x000000002000eed4        0xe /home/dev/nb1001sdk/nbsdk_tmp_014/libs/lib_zeus.a(gpio_key.o)
 *fill*         0x000000002000eee2        0x2 
 .rodata.padshare_config_addr
                0x000000002000eee4       0x60 /home/dev/nb1001sdk/nbsdk_tmp_014/libs/lib_zeus.a(sysctrl.o)
 .rodata.dmac_release_ch.str1.4
                0x000000002000ef44       0x19 /home/dev/nb1001sdk/nbsdk_tmp_014/libs/lib_zeus.a(dmac.o)
 *fill*         0x000000002000ef5d        0x3 
 .rodata.dmac_request_ch.str1.4
                0x000000002000ef60       0x19 /home/dev/nb1001sdk/nbsdk_tmp_014/libs/lib_zeus.a(dmac.o)
 *fill*         0x000000002000ef79        0x3 
 .rodata.crop_enable.str1.4
                0x000000002000ef7c       0x68 /home/dev/nb1001sdk/nbsdk_tmp_014/libs/lib_zeus.a(isp_binskip.o)
 .rodata.fe_int_handler.str1.4
                0x000000002000efe4       0x21 /home/dev/nb1001sdk/nbsdk_tmp_014/libs/lib_zeus.a(isp_fe.o)
 *fill*         0x000000002000f005        0x3 
 .rodata.fe_put_buffer.str1.4
                0x000000002000f008       0x19 /home/dev/nb1001sdk/nbsdk_tmp_014/libs/lib_zeus.a(isp_fe.o)
 *fill*         0x000000002000f021        0x3 
 .rodata.fe_start.str1.4
                0x000000002000f024       0x19 /home/dev/nb1001sdk/nbsdk_tmp_014/libs/lib_zeus.a(isp_fe.o)
 *fill*         0x000000002000f03d        0x3 
 .rodata.sf_init.str1.4
                0x000000002000f040       0x3f /home/dev/nb1001sdk/nbsdk_tmp_014/libs/lib_zeus.a(spi_flash.o)
 *fill*         0x000000002000f07f        0x1 
 .rodata.pin_no_to_pwm_id
                0x000000002000f080       0x18 /home/dev/nb1001sdk/nbsdk_tmp_014/libs/lib_zeus.a(pwm.o)
 .rodata.intToBcd.str1.4
                0x000000002000f098       0x31 /home/dev/nb1001sdk/nbsdk_tmp_014/libs/lib_zeus.a(utils.o)
 *fill*         0x000000002000f0c9        0x3 
 .rodata.print_exception_epc.str1.4
                0x000000002000f0cc       0x17 /home/dev/nb1001sdk/nbsdk_tmp_014/libs/lib_zeus.a(utils.o)
 *fill*         0x000000002000f0e3        0x1 
 .rodata.audio_playback_init.str1.4
                0x000000002000f0e4       0x1f /home/dev/nb1001sdk/nbsdk_tmp_014/libs/lib_zeus.a(audio_playback_core.o)
 *fill*         0x000000002000f103        0x1 
 .rodata.wav_hdr_check.str1.4
                0x000000002000f104       0x15 /home/dev/nb1001sdk/nbsdk_tmp_014/libs/lib_zeus.a(audio_playback_core.o)
 *fill*         0x000000002000f119        0x3 
 .rodata.i2s_calc_table_div
                0x000000002000f11c        0xc /home/dev/nb1001sdk/nbsdk_tmp_014/libs/lib_zeus.a(i2s.o)
                0x000000002000f11c                i2s_calc_table_div
 .rodata.audio_buffer_get_idle.str1.4
                0x000000002000f128       0x20 /home/dev/nb1001sdk/nbsdk_tmp_014/libs/lib_zeus.a(audio_buffer.o)
 .rodata.audio_buffer_get_ready.str1.4
                0x000000002000f148       0x20 /home/dev/nb1001sdk/nbsdk_tmp_014/libs/lib_zeus.a(audio_buffer.o)
 .rodata.audio_buffer_put_idle.str1.4
                0x000000002000f168       0x20 /home/dev/nb1001sdk/nbsdk_tmp_014/libs/lib_zeus.a(audio_buffer.o)